Logfile for bbregister
Fri Sep  4 13:54:50 CEST 2026

setenv SUBJECTS_DIR /home/ts/develop/sub-01/derived/FreeSurfer/8.2.0/subjects_dir
cd /home/ts/develop/sub-01/derived/FreeSurfer/8.2.0/subjects_dir/sub-01/scripts
/home/ts/software/freesurfer/freesurfer8.2.0/bin/bbregister --s sub-01 --mov /home/ts/develop/sub-01/derived/FreeSurfer/8.2.0/subjects_dir/sub-01/mri/orig/T2raw.mgz --lta /home/ts/develop/sub-01/derived/FreeSurfer/8.2.0/subjects_dir/sub-01/mri/transforms/T2raw.auto.lta --init-coreg --T2 --gm-proj-abs 2 --wm-proj-abs 1 --no-coreg-ref-mask

bbregister 8.2.0
Linux mini 7.0.0-30-generic #30~24.04.1-Ubuntu SMP PREEMPT_DYNAMIC Fri Aug  7 13:27:52 UTC 2 x86_64 x86_64 x86_64 GNU/Linux
FREESURFER_HOME /home/ts/software/freesurfer/freesurfer8.2.0
mri_convert /home/ts/develop/sub-01/derived/FreeSurfer/8.2.0/subjects_dir/sub-01/mri/orig/T2raw.mgz /home/ts/develop/sub-01/derived/FreeSurfer/8.2.0/subjects_dir/sub-01/mri/transforms/tmp.bbregister.179057/template.mgh
mri_convert /home/ts/develop/sub-01/derived/FreeSurfer/8.2.0/subjects_dir/sub-01/mri/orig/T2raw.mgz /home/ts/develop/sub-01/derived/FreeSurfer/8.2.0/subjects_dir/sub-01/mri/transforms/tmp.bbregister.179057/template.mgh 
reading from /home/ts/develop/sub-01/derived/FreeSurfer/8.2.0/subjects_dir/sub-01/mri/orig/T2raw.mgz...
TR=3200.00, TE=300.00, TI=-1.00, flip angle=120.00
i_ras = (0.0104717, -0.999945, 0)
j_ras = (-0, -0, -1)
k_ras = (-0.999945, -0.0104717, -0)
writing to /home/ts/develop/sub-01/derived/FreeSurfer/8.2.0/subjects_dir/sub-01/mri/transforms/tmp.bbregister.179057/template.mgh...
mri_coreg --s sub-01 --mov /home/ts/develop/sub-01/derived/FreeSurfer/8.2.0/subjects_dir/sub-01/mri/transforms/tmp.bbregister.179057/template.mgh --regdat /home/ts/develop/sub-01/derived/FreeSurfer/8.2.0/subjects_dir/sub-01/mri/transforms/tmp.bbregister.179057/reg.init.dat --reg /home/ts/develop/sub-01/derived/FreeSurfer/8.2.0/subjects_dir/sub-01/mri/transforms/tmp.bbregister.179057/mri_coreg.lta --nthreads 8 --dof 6 --sep 4 --ftol .0001 --linmintol .01 --no-ref-mask

$Id: mri_coreg.c,v 1.27 2016/04/30 15:11:49 greve Exp $
cwd /home/ts/develop/sub-01/derived/FreeSurfer/8.2.0/subjects_dir/sub-01/scripts
cmdline mri_coreg --s sub-01 --mov /home/ts/develop/sub-01/derived/FreeSurfer/8.2.0/subjects_dir/sub-01/mri/transforms/tmp.bbregister.179057/template.mgh --regdat /home/ts/develop/sub-01/derived/FreeSurfer/8.2.0/subjects_dir/sub-01/mri/transforms/tmp.bbregister.179057/reg.init.dat --reg /home/ts/develop/sub-01/derived/FreeSurfer/8.2.0/subjects_dir/sub-01/mri/transforms/tmp.bbregister.179057/mri_coreg.lta --nthreads 8 --dof 6 --sep 4 --ftol .0001 --linmintol .01 --no-ref-mask 
sysname  Linux
hostname mini
machine  x86_64
user     ts
dof    6
nsep    1
cras0    1
ftol    0.000100
linmintol    0.010000
bf       1
bflim    30.000000
bfnsamp    30
SmoothRef 0
SatPct    99.990000
MovOOB 0
optschema 1
Seed 53
Reading in mov /home/ts/develop/sub-01/derived/FreeSurfer/8.2.0/subjects_dir/sub-01/mri/transforms/tmp.bbregister.179057/template.mgh
Reading in ref /home/ts/develop/sub-01/derived/FreeSurfer/8.2.0/subjects_dir/sub-01/mri/brainmask.mgz
Setting cras translation parameters to align volume centers
Init matrix params -0.0053  1.0052  0.0000  0.0000  0.0000  0.0000  1.0000  1.0000  1.0000  0.0000  0.0000  0.0000 
Initial Matrix (RAS2RAS)
 1.00000   0.00000   0.00000   0.00529;
 0.00000   1.00000   0.00000  -1.00519;
 0.00000   0.00000   1.00000   0.00000;
 0.00000   0.00000   0.00000   1.00000;
Initial parameters to be opt -0.0053  1.0052  0.0000  0.0000  0.0000  0.0000 
Creating random numbers for coordinate dithering
Performing intensity dithering
Performing intensity dithering on mov with computed dither
Separation list (1):  4   min = 4
DoSmoothing 1
DoCoordDither 1
DoIntensityDither 1
nitersmax 4
ftol 1.000e-04
linmintol 1.000e-02
SatPct 99.990000
Hist FWHM 7.000000 7.000000
nthreads 8
movsat = 585.0000
mov gstd 1.8914 1.8914 1.8914
Smoothing mov
refsat = 116.0000
ref gstd 1.8914 1.8914 1.8914
Smoothing ref
COREGpreproc() done
Testing if mov and target overlap
Init cost   -1.0441242915
nhits = 194859 out of 16777216, Percent Overlap:  74.3
Initial  RefRAS-to-MovRAS
 1.00000   0.00000   0.00000  -0.00529;
 0.00000   1.00000   0.00000   1.00519;
 0.00000   0.00000   1.00000   0.00000;
 0.00000   0.00000   0.00000   1.00000;
Initial  RefVox-to-MovVox
-0.01047   0.00000  -0.99995   256.32816;
 0.00000   1.00000   0.00000   0.00000;
 0.99995   0.00000  -0.01047  -30.65787;
 0.00000   0.00000   0.00000   1.00000;
sep = 4 -----------------------------------
COREGoptBruteForce() 30 1 30
Turning on MovOOB for BruteForce Search
#BF# sep= 4 iter=0 lim=30.0 delta=2.00  -0.00529   1.00519   0.00000   2.00000   0.00000   0.00000   -1.0400620
Turning  MovOOB back off after brute force search


---------------------------------
Init Powel Params dof = 6: -0.005287 1.005188 0.000000 2.000000 0.000000 0.000000 
Starting OpenPowel2(), sep = 4
InitialCost        -1.0444858074 
#@#  4  188  -0.00529 1.00519 0.00000 2.00000 0.00000 0.00000   -1.0444858
fs_powell::minimize
  nparams 6
  maxfev 4
  ftol   0.000100
  linmin_xtol_   0.010000
  powell nthiter 0: fret = -1.044486
#@#  4  193  -0.62332 1.00519 0.00000 2.00000 0.00000 0.00000   -1.0447201
#@#  4  195  -0.49393 1.00519 0.00000 2.00000 0.00000 0.00000   -1.0447403
#@#  4  196  -0.48393 1.00519 0.00000 2.00000 0.00000 0.00000   -1.0447404
#@#  4  202  -0.48393 0.38715 0.00000 2.00000 0.00000 0.00000   -1.0451868
#@#  4  204  -0.48393 0.25825 0.00000 2.00000 0.00000 0.00000   -1.0452017
#@#  4  213  -0.48393 0.24825 0.01000 2.00000 0.00000 0.00000   -1.0452023
#@#  4  219  -0.48393 0.24825 0.01000 1.38197 0.00000 0.00000   -1.0456848
#@#  4  220  -0.48393 0.24825 0.01000 1.00000 0.00000 0.00000   -1.0456945
#@#  4  221  -0.48393 0.24825 0.01000 1.17425 0.00000 0.00000   -1.0457203
#@#  4  223  -0.48393 0.24825 0.01000 1.16425 0.00000 0.00000   -1.0457206
#@#  4  231  -0.48393 0.24825 0.01000 1.16425 -0.61803 0.00000   -1.0462224
#@#  4  233  -0.48393 0.24825 0.01000 1.16425 -0.78697 0.00000   -1.0462490
#@#  4  235  -0.48393 0.24825 0.01000 1.16425 -0.80697 0.00000   -1.0462495
#@#  4  243  -0.48393 0.24825 0.01000 1.16425 -0.80697 -0.61803   -1.0465870
#@#  4  245  -0.48393 0.24825 0.01000 1.16425 -0.80697 -0.55512   -1.0465902
#@#  4  246  -0.48393 0.24825 0.01000 1.16425 -0.80697 -0.56512   -1.0465907
#@#  4  247  -0.48393 0.24825 0.01000 1.16425 -0.80697 -0.57512   -1.0465913
#@#  4  248  -0.48393 0.24825 0.01000 1.16425 -0.80697 -0.59151   -1.0465915
  powell nthiter 1: fret = -1.046592
#@#  4  257  -0.38205 0.24825 0.01000 1.16425 -0.80697 -0.59151   -1.0466170
#@#  4  258  -0.37157 0.24825 0.01000 1.16425 -0.80697 -0.59151   -1.0466172
#@#  4  266  -0.37157 0.29183 0.01000 1.16425 -0.80697 -0.59151   -1.0466201
#@#  4  275  -0.37157 0.29183 -0.09143 1.16425 -0.80697 -0.59151   -1.0466496
#@#  4  276  -0.37157 0.29183 -0.13237 1.16425 -0.80697 -0.59151   -1.0466501
#@#  4  277  -0.37157 0.29183 -0.11487 1.16425 -0.80697 -0.59151   -1.0466509
#@#  4  285  -0.37157 0.29183 -0.11487 1.15126 -0.80697 -0.59151   -1.0466515
#@#  4  293  -0.37157 0.29183 -0.11487 1.15126 -0.66286 -0.59151   -1.0466753
#@#  4  294  -0.37157 0.29183 -0.11487 1.15126 -0.65286 -0.59151   -1.0466760
#@#  4  304  -0.37157 0.29183 -0.11487 1.15126 -0.64286 -0.61758   -1.0466779
#@#  4  305  -0.37157 0.29183 -0.11487 1.15126 -0.64286 -0.63841   -1.0466788
Powell done niters total = 1
OptTimeSec  2.4 sec
OptTimeMin  0.04 min
nEvals 308
Final optimized parameters  -0.37156987   0.29183406  -0.11487468   1.15125692  -0.64285618  -0.62840986 
Final matrix parameters -0.3716  0.2918 -0.1149  1.1513 -0.6429 -0.6284  1.0000  1.0000  1.0000  0.0000  0.0000  0.0000 
Final cost   -1.046678799135589
 

---------------------------------
Final  RefRAS-to-MovRAS
 0.99988  -0.01097  -0.01122  -0.37157;
 0.01119   0.99974   0.02009   0.29183;
 0.01100  -0.02021   0.99974  -0.11487;
 0.00000   0.00000   0.00000   1.00000;
Final  RefVox-to-MovVox
 0.00072   0.02021  -0.99980   253.99768;
 0.01100   0.99974   0.02021  -3.25984;
 0.99994  -0.01101   0.00050  -30.49449;
 0.00000   0.00000   0.00000   1.00000;
Final matrix parameters -0.3716  0.2918 -0.1149  1.1513 -0.6429 -0.6284  0.0000  0.0000  0.0000  0.0000  0.0000  0.0000 
Final opt parameters -0.3716  0.2918 -0.1149  1.1513 -0.6429 -0.6284 
nhits = 192566 out of 16777216, Percent Overlap:  73.5
mri_coreg RunTimeSec 17.7 sec
To check run:
   tkregisterfv --mov /home/ts/develop/sub-01/derived/FreeSurfer/8.2.0/subjects_dir/sub-01/mri/transforms/tmp.bbregister.179057/template.mgh --targ /home/ts/develop/sub-01/derived/FreeSurfer/8.2.0/subjects_dir/sub-01/mri/brainmask.mgz --reg /home/ts/develop/sub-01/derived/FreeSurfer/8.2.0/subjects_dir/sub-01/mri/transforms/tmp.bbregister.179057/mri_coreg.lta --s sub-01 --surfs 

mri_coreg done

mri_segreg --mov /home/ts/develop/sub-01/derived/FreeSurfer/8.2.0/subjects_dir/sub-01/mri/transforms/tmp.bbregister.179057/template.mgh --init-reg /home/ts/develop/sub-01/derived/FreeSurfer/8.2.0/subjects_dir/sub-01/mri/transforms/tmp.bbregister.179057/reg.init.dat --out-reg /home/ts/develop/sub-01/derived/FreeSurfer/8.2.0/subjects_dir/sub-01/mri/transforms/tmp.bbregister.179057/bbr.pass1.dat --subsamp-brute 100 --subsamp 100 --tol 1e-4 --tol1d 1e-3 --brute -4 4 4 --surf white --s sub-01 --gm-proj-abs 2 --gm-gt-wm 0.5
8.2.0
setenv SUBJECTS_DIR /home/ts/develop/sub-01/derived/FreeSurfer/8.2.0/subjects_dir
cd /home/ts/develop/sub-01/derived/FreeSurfer/8.2.0/subjects_dir/sub-01/scripts
mri_segreg --mov /home/ts/develop/sub-01/derived/FreeSurfer/8.2.0/subjects_dir/sub-01/mri/transforms/tmp.bbregister.179057/template.mgh --init-reg /home/ts/develop/sub-01/derived/FreeSurfer/8.2.0/subjects_dir/sub-01/mri/transforms/tmp.bbregister.179057/reg.init.dat --out-reg /home/ts/develop/sub-01/derived/FreeSurfer/8.2.0/subjects_dir/sub-01/mri/transforms/tmp.bbregister.179057/bbr.pass1.dat --subsamp-brute 100 --subsamp 100 --tol 1e-4 --tol1d 1e-3 --brute -4 4 4 --surf white --s sub-01 --gm-proj-abs 2 --gm-gt-wm 0.5 
sysname  Linux
hostname mini
machine  x86_64
user     ts
movvol /home/ts/develop/sub-01/derived/FreeSurfer/8.2.0/subjects_dir/sub-01/mri/transforms/tmp.bbregister.179057/template.mgh
regfile /home/ts/develop/sub-01/derived/FreeSurfer/8.2.0/subjects_dir/sub-01/mri/transforms/tmp.bbregister.179057/reg.init.dat
subject sub-01
dof 6
outregfile /home/ts/develop/sub-01/derived/FreeSurfer/8.2.0/subjects_dir/sub-01/mri/transforms/tmp.bbregister.179057/bbr.pass1.dat
UseMask 0
UseLH 1
UseRH 1
nsubsamp 100
PenaltySign  -1
PenaltySlope 0.500000
PenaltyCenter 0.000000
surfname white
GMProjAbs 2.000000
WMProjAbs 2.000000
lhcostfile (null)
rhcostfile (null)
interp  trilinear (1)
frame  0
TolPowell 0.000100
nMaxItersPowell 36
n1dmin  3
Profile   0
Gdiag_no  -1
AddNoise  0 (0)
SynthSeed 1789427076
TransRandMax 0.000000
RotRandMax 0.000000
Translations 0.000000 0.000000 0.000000
Rotations   0.000000 0.000000 0.000000
Input reg
 0.00072   0.99980   0.02021  -0.70247;
-0.99994   0.00050   0.01101   0.15226;
 0.01100  -0.02021   0.99974  -0.70114;
 0.00000   0.00000   0.00000   1.00000;

Loading mov
ExcludeZeroVoxels 1
Reading in targ vol /home/ts/develop/sub-01/derived/FreeSurfer/8.2.0/subjects_dir/sub-01/mri/orig.mgz
Projecting LH Surfs
Loading lh.white surf
GM Proj: 0 0.500000 2.000000
WM Proj: 0 0.500000 2.000000
Projecting RH Surfs
Loading rh.white surf
Projecting RH Surfs
Using lh.cortex.label
Using rh.cortex.label
Computing relative cost
 0  -25.0 -25.0 -25.0   1.001670
 1  -25.0 -25.0  25.0   1.046195
 2  -25.0  25.0 -25.0   1.002230
 3  -25.0  25.0  25.0   0.979917
 4   25.0 -25.0 -25.0   0.979511
 5   25.0 -25.0  25.0   1.001337
 6   25.0  25.0 -25.0   0.984210
 7   25.0  25.0  25.0   0.990332
REL:  8  0.049694    7.985402  0.998175 rel = 0.0497846 
Initial costs ----------------
Number of surface hits 2824
WM  Intensity   113.3035 +/-  21.3902
Ctx Intensity   190.4368 +/-  50.4792
Pct Contrast     48.3489 +/-  27.2753
Cost   0.0497
RelCost   0.0498

------------------------------------
Brute force preopt -4 4 4, n = 729
     0  -4.0000  -4.0000  -4.0000  -4.0000  -4.0000  -4.0000      0.9474   0.9474  0.0
     1  -4.0000  -4.0000  -4.0000  -4.0000  -4.0000   0.0000      0.9345   0.9345  0.0
     5  -4.0000  -4.0000  -4.0000  -4.0000   0.0000   4.0000      0.8866   0.8866  0.0
     6  -4.0000  -4.0000  -4.0000  -4.0000   4.0000  -4.0000      0.8780   0.8780  0.0
     7  -4.0000  -4.0000  -4.0000  -4.0000   4.0000   0.0000      0.7960   0.7960  0.0
    39  -4.0000  -4.0000   0.0000   0.0000   0.0000  -4.0000      0.7806   0.7806  0.0
    97  -4.0000   0.0000  -4.0000   0.0000   4.0000   0.0000      0.6600   0.6600  0.0
   274   0.0000  -4.0000   0.0000  -4.0000   0.0000   0.0000      0.5496   0.5496  0.0
   364   0.0000   0.0000   0.0000   0.0000   0.0000   0.0000      0.0497   0.0497  0.0
Brute Force --------------------------
Min cost was 0.049694
Number of iterations   729
Search time 0.599235 sec
Parameters at best (transmm, rotdeg)
  0.000   0.000   0.000  0.000  0.000  0.000 
--------------------------------------------

Starting Powell Minimization
Init Powel Params dof = 6
0 0
1 0
2 0
3 0
4 0
5 0
fs_powell::minimize
  nparams 6
  maxfev 36
  ftol   0.000100
  linmin_xtol_   0.001000
  powell nthiter 0: fret = 0.049694
  10 -0.007  0.000  0.000  0.000  0.000  0.000   0.0496667964
  21 -0.007  0.021  0.000  0.000  0.000  0.000   0.0495405520
  22 -0.007  0.031  0.000  0.000  0.000  0.000   0.0494516374
  24 -0.007  0.032  0.000  0.000  0.000  0.000   0.0494369331
  25 -0.007  0.033  0.000  0.000  0.000  0.000   0.0494347541
  34 -0.007  0.033  0.032  0.000  0.000  0.000   0.0494090292
  35 -0.007  0.033  0.019  0.000  0.000  0.000   0.0493330214
  36 -0.007  0.033  0.017  0.000  0.000  0.000   0.0493273328
  37 -0.007  0.033  0.010  0.000  0.000  0.000   0.0493228845
  38 -0.007  0.033  0.013  0.000  0.000  0.000   0.0493204017
  49 -0.007  0.033  0.013 -0.012  0.000  0.000   0.0492452766
  63 -0.007  0.033  0.013 -0.012 -0.005  0.000   0.0492055641
  64 -0.007  0.033  0.013 -0.012 -0.007  0.000   0.0492020399
  65 -0.007  0.033  0.013 -0.012 -0.008  0.000   0.0492020362
  77 -0.007  0.033  0.013 -0.012 -0.008  0.001   0.0492017037
  powell nthiter 1: fret = 0.049202
  87 -0.002  0.033  0.013 -0.012 -0.008  0.001   0.0491926326
  99 -0.002  0.022  0.013 -0.012 -0.008  0.001   0.0491108709
 110 -0.002  0.022  0.012 -0.012 -0.008  0.001   0.0491073360
 111 -0.002  0.022  0.003 -0.012 -0.008  0.001   0.0490532651
 114 -0.002  0.022 -0.002 -0.012 -0.008  0.001   0.0490266609
 115 -0.002  0.022 -0.004 -0.012 -0.008  0.001   0.0490246987
 124 -0.002  0.022 -0.004 -0.018 -0.008  0.001   0.0489259144
 125 -0.002  0.022 -0.004 -0.025 -0.008  0.001   0.0489190753
 126 -0.002  0.022 -0.004 -0.022 -0.008  0.001   0.0489152387
 138 -0.002  0.022 -0.004 -0.022 -0.012  0.001   0.0488725966
 139 -0.002  0.022 -0.004 -0.022 -0.013  0.001   0.0488691879
 152 -0.002  0.022 -0.004 -0.022 -0.013  0.002   0.0488661795
 153  0.003  0.011 -0.020 -0.032 -0.019  0.003   0.0486999228
 160  0.003  0.013 -0.018 -0.031 -0.018  0.003   0.0486972564
 163  0.002  0.013 -0.017 -0.030 -0.018  0.003   0.0486970486
 164  0.003  0.013 -0.017 -0.030 -0.018  0.003   0.0486968709
 165  0.003  0.013 -0.017 -0.030 -0.018  0.003   0.0486967583
 167  0.003  0.013 -0.017 -0.030 -0.018  0.003   0.0486967490
 168  0.003  0.013 -0.017 -0.030 -0.018  0.003   0.0486967308
  powell nthiter 2: fret = 0.048697
 178  0.008  0.013 -0.017 -0.030 -0.018  0.003   0.0486570822
 179  0.014  0.013 -0.017 -0.030 -0.018  0.003   0.0486421034
 191  0.014  0.006 -0.017 -0.030 -0.018  0.003   0.0486265131
 192  0.014  0.009 -0.017 -0.030 -0.018  0.003   0.0486177906
 205  0.014  0.009 -0.015 -0.030 -0.018  0.003   0.0486140249
 218  0.014  0.009 -0.015 -0.030 -0.018  0.000   0.0485973073
 230  0.014  0.009 -0.015 -0.030 -0.021  0.000   0.0485933488
 231  0.014  0.009 -0.015 -0.030 -0.020  0.000   0.0485909415
 237  0.016  0.005 -0.021 -0.034 -0.022  0.000   0.0485674427
 239  0.016  0.005 -0.021 -0.034 -0.022  0.000   0.0485674252
 241  0.016  0.005 -0.021 -0.034 -0.022  0.000   0.0485672936
 242  0.016  0.005 -0.021 -0.034 -0.022  0.000   0.0485672898
  powell nthiter 3: fret = 0.048567
 255  0.019  0.005 -0.021 -0.034 -0.022  0.000   0.0485599754
 268  0.019  0.003 -0.021 -0.034 -0.022  0.000   0.0485560054
 279  0.019  0.003 -0.015 -0.034 -0.022  0.000   0.0485396475
 280  0.019  0.003 -0.014 -0.034 -0.022  0.000   0.0485395190
 292  0.019  0.003 -0.014 -0.034 -0.022 -0.001   0.0485334430
 303  0.019  0.003 -0.014 -0.034 -0.024 -0.001   0.0485281505
 310  0.021 -0.001 -0.020 -0.038 -0.026 -0.001   0.0485245873
 311  0.021  0.001 -0.017 -0.036 -0.025 -0.001   0.0485198285
 314  0.021  0.000 -0.018 -0.037 -0.025 -0.001   0.0485194005
 319  0.026 -0.004 -0.015 -0.039 -0.028 -0.002   0.0484782338
 322  0.034 -0.011 -0.010 -0.043 -0.033 -0.004   0.0484443502
 323  0.036 -0.013 -0.008 -0.044 -0.034 -0.005   0.0484412160
 332  0.036 -0.013 -0.008 -0.044 -0.035 -0.005   0.0484411317
  powell nthiter 4: fret = 0.048441
 344  0.032 -0.013 -0.008 -0.044 -0.035 -0.005   0.0484328232
 345  0.033 -0.013 -0.008 -0.044 -0.035 -0.005   0.0484328193
 356  0.033 -0.011 -0.008 -0.044 -0.035 -0.005   0.0484320846
 358  0.033 -0.012 -0.008 -0.044 -0.035 -0.005   0.0484314882
 368  0.033 -0.012 -0.008 -0.044 -0.035 -0.005   0.0484314761
 370  0.033 -0.012 -0.008 -0.044 -0.035 -0.005   0.0484313768
 384  0.033 -0.012 -0.008 -0.044 -0.035 -0.006   0.0484304708
 399  0.038 -0.016 -0.005 -0.047 -0.038 -0.007   0.0484289592
 403  0.036 -0.015 -0.006 -0.046 -0.036 -0.007   0.0484273914
 406  0.036 -0.015 -0.006 -0.046 -0.036 -0.007   0.0484273736
 407  0.036 -0.015 -0.006 -0.045 -0.036 -0.007   0.0484273715
 411  0.036 -0.015 -0.006 -0.046 -0.036 -0.007   0.0484273519
  powell nthiter 5: fret = 0.048427
 425  0.033 -0.015 -0.006 -0.046 -0.036 -0.007   0.0484244194
 426  0.034 -0.015 -0.006 -0.046 -0.036 -0.007   0.0484243647
 473  0.034 -0.015 -0.006 -0.046 -0.035 -0.007   0.0484236031
 480  0.036 -0.016 -0.005 -0.046 -0.036 -0.007   0.0484228188
 481  0.036 -0.016 -0.005 -0.046 -0.036 -0.007   0.0484226861
Powell done niters = 5
Computing relative cost
 0  -25.0 -25.0 -25.0   1.003881
 1  -25.0 -25.0  25.0   1.043519
 2  -25.0  25.0 -25.0   1.002007
 3  -25.0  25.0  25.0   0.983854
 4   25.0 -25.0 -25.0   0.985388
 5   25.0 -25.0  25.0   1.007950
 6   25.0  25.0 -25.0   0.986298
 7   25.0  25.0  25.0   0.993389
REL:  8  0.048423    8.006288  1.000786 rel = 0.0483847 
Number of iterations     5
Min cost was 0.048423
Number of FunctionCalls   490
TolPowell 0.000100
nMaxItersPowell 36
OptimizationTime 0.384493 sec
Parameters at optimum (transmm)  0.03587 -0.01617 -0.00515
Parameters at optimum (rotdeg) -0.04640 -0.03629 -0.00729 
Final costs ----------------
Number of surface hits 2824
WM  Intensity   113.3076 +/-  21.2402
Ctx Intensity   190.2769 +/-  50.0522
Pct Contrast     48.3074 +/-  27.0913
Cost   0.0484
RelCost   0.0498
Reg at min cost was 
 0.00059   0.99981   0.01958  -0.66614;
-0.99993   0.00035   0.01182   0.13561;
 0.01181  -0.01958   0.99974  -0.70686;
 0.00000   0.00000   0.00000   1.00000;

Writing optimal reg to /home/ts/develop/sub-01/derived/FreeSurfer/8.2.0/subjects_dir/sub-01/mri/transforms/tmp.bbregister.179057/bbr.pass1.dat, type = 14 
Original Reg 
 0.00072   0.99980   0.02021  -0.70247;
-0.99994   0.00050   0.01101   0.15226;
 0.01100  -0.02021   0.99974  -0.70114;
 0.00000   0.00000   0.00000   1.00000;

Original Reg - Optimal Reg
 0.00013  -0.00001   0.00063  -0.03633;
-0.00001   0.00014  -0.00081   0.01665;
-0.00081  -0.00063  -0.00000   0.00572;
 0.00000   0.00000   0.00000   0.00000;

Computing change in lh position
LH rmsDiffMean 0.064171
Computing change in rh position
Surface-RMS-Diff-mm 0.054699 0.020969 0.101910
mri_segreg done
mri_segreg --mov /home/ts/develop/sub-01/derived/FreeSurfer/8.2.0/subjects_dir/sub-01/mri/transforms/tmp.bbregister.179057/template.mgh --init-reg /home/ts/develop/sub-01/derived/FreeSurfer/8.2.0/subjects_dir/sub-01/mri/transforms/tmp.bbregister.179057/bbr.pass1.dat --out-reg /home/ts/develop/sub-01/derived/FreeSurfer/8.2.0/subjects_dir/sub-01/mri/transforms/T2raw.auto.dat --interp trilinear --wm-proj-abs 1 --tol 1e-8 --tol1d 1e-3 --c0 0 --mincost /home/ts/develop/sub-01/derived/FreeSurfer/8.2.0/subjects_dir/sub-01/mri/transforms/T2raw.auto.dat.mincost --dof 6 --nmax 36 --param /home/ts/develop/sub-01/derived/FreeSurfer/8.2.0/subjects_dir/sub-01/mri/transforms/T2raw.auto.dat.param --surf white --brute -0.1 0.1 0.1 --cur-reg /home/ts/develop/sub-01/derived/FreeSurfer/8.2.0/subjects_dir/sub-01/mri/transforms/tmp.bbregister.179057/reg.curopt.dat --gm-proj-abs 2 --nsub 1 --gm-gt-wm 0.5
8.2.0
setenv SUBJECTS_DIR /home/ts/develop/sub-01/derived/FreeSurfer/8.2.0/subjects_dir
cd /home/ts/develop/sub-01/derived/FreeSurfer/8.2.0/subjects_dir/sub-01/scripts
mri_segreg --mov /home/ts/develop/sub-01/derived/FreeSurfer/8.2.0/subjects_dir/sub-01/mri/transforms/tmp.bbregister.179057/template.mgh --init-reg /home/ts/develop/sub-01/derived/FreeSurfer/8.2.0/subjects_dir/sub-01/mri/transforms/tmp.bbregister.179057/bbr.pass1.dat --out-reg /home/ts/develop/sub-01/derived/FreeSurfer/8.2.0/subjects_dir/sub-01/mri/transforms/T2raw.auto.dat --interp trilinear --wm-proj-abs 1 --tol 1e-8 --tol1d 1e-3 --c0 0 --mincost /home/ts/develop/sub-01/derived/FreeSurfer/8.2.0/subjects_dir/sub-01/mri/transforms/T2raw.auto.dat.mincost --dof 6 --nmax 36 --param /home/ts/develop/sub-01/derived/FreeSurfer/8.2.0/subjects_dir/sub-01/mri/transforms/T2raw.auto.dat.param --surf white --brute -0.1 0.1 0.1 --cur-reg /home/ts/develop/sub-01/derived/FreeSurfer/8.2.0/subjects_dir/sub-01/mri/transforms/tmp.bbregister.179057/reg.curopt.dat --gm-proj-abs 2 --nsub 1 --gm-gt-wm 0.5 
sysname  Linux
hostname mini
machine  x86_64
user     ts
movvol /home/ts/develop/sub-01/derived/FreeSurfer/8.2.0/subjects_dir/sub-01/mri/transforms/tmp.bbregister.179057/template.mgh
regfile /home/ts/develop/sub-01/derived/FreeSurfer/8.2.0/subjects_dir/sub-01/mri/transforms/tmp.bbregister.179057/bbr.pass1.dat
subject sub-01
dof 6
outregfile /home/ts/develop/sub-01/derived/FreeSurfer/8.2.0/subjects_dir/sub-01/mri/transforms/T2raw.auto.dat
UseMask 0
UseLH 1
UseRH 1
nsubsamp 1
PenaltySign  -1
PenaltySlope 0.500000
PenaltyCenter 0.000000
surfname white
GMProjAbs 2.000000
WMProjAbs 1.000000
lhcostfile (null)
rhcostfile (null)
interp  trilinear (1)
frame  0
TolPowell 0.000000
nMaxItersPowell 36
n1dmin  3
Profile   0
Gdiag_no  -1
AddNoise  0 (0)
SynthSeed 1789262426
TransRandMax 0.000000
RotRandMax 0.000000
Translations 0.000000 0.000000 0.000000
Rotations   0.000000 0.000000 0.000000
Input reg
 0.00059   0.99981   0.01958  -0.66614;
-0.99993   0.00035   0.01182   0.13561;
 0.01181  -0.01958   0.99974  -0.70686;
 0.00000   0.00000   0.00000   1.00000;

Loading mov
ExcludeZeroVoxels 1
Reading in targ vol /home/ts/develop/sub-01/derived/FreeSurfer/8.2.0/subjects_dir/sub-01/mri/orig.mgz
Projecting LH Surfs
Loading lh.white surf
GM Proj: 0 0.500000 2.000000
WM Proj: 0 0.500000 1.000000
Projecting RH Surfs
Loading rh.white surf
Projecting RH Surfs
Using lh.cortex.label
Using rh.cortex.label
Computing relative cost
 0  -25.0 -25.0 -25.0   0.987448
 1  -25.0 -25.0  25.0   1.009220
 2  -25.0  25.0 -25.0   1.017893
 3  -25.0  25.0  25.0   1.005432
 4   25.0 -25.0 -25.0   0.990455
 5   25.0 -25.0  25.0   1.005856
 6   25.0  25.0 -25.0   0.999615
 7   25.0  25.0  25.0   1.011246
REL:  8  0.041819    8.027166  1.003396 rel = 0.0416773 
Initial costs ----------------
Number of surface hits 281847
WM  Intensity   108.0073 +/-  17.5814
Ctx Intensity   190.5906 +/-  50.0282
Pct Contrast     52.6102 +/-  27.1295
Cost   0.0418
RelCost   0.0417

------------------------------------
Brute force preopt -0.1 0.1 0.1, n = 729
     0  -0.1000  -0.1000  -0.1000  -0.1000  -0.1000  -0.1000      0.0422   0.0422  0.0
     3  -0.1000  -0.1000  -0.1000  -0.1000   0.0000  -0.1000      0.0420   0.0420  0.0
    17  -0.1000  -0.1000  -0.1000   0.0000   0.1000   0.1000      0.0417   0.0417  0.0
    25  -0.1000  -0.1000  -0.1000   0.1000   0.1000   0.0000      0.0405   0.0405  0.0
    26  -0.1000  -0.1000  -0.1000   0.1000   0.1000   0.1000      0.0405   0.0405  0.0
   106  -0.1000   0.0000  -0.1000   0.1000   0.1000   0.0000      0.0400   0.0400  0.0
   269   0.0000  -0.1000  -0.1000   0.1000   0.1000   0.1000      0.0388   0.0388  0.0
Brute Force --------------------------
Min cost was 0.038762
Number of iterations   729
Search time 0.564807 sec
Parameters at best (transmm, rotdeg)
  0.000  -0.100  -0.100  0.100  0.100  0.100 
--------------------------------------------

Starting Powell Minimization
Init Powel Params dof = 6
0 0
1 -0.1
2 -0.1
3 0.1
4 0.1
5 0.1
fs_powell::minimize
  nparams 6
  maxfev 36
  ftol   0.000000
  linmin_xtol_   0.001000
  powell nthiter 0: fret = 0.044628
   7 -0.218 -0.100 -0.100  0.100  0.100  0.100   0.0435094335
  10 -0.254 -0.100 -0.100  0.100  0.100  0.100   0.0434674818
  11 -0.253 -0.100 -0.100  0.100  0.100  0.100   0.0434670973
  12 -0.249 -0.100 -0.100  0.100  0.100  0.100   0.0434651655
  14 -0.243 -0.100 -0.100  0.100  0.100  0.100   0.0434636014
  15 -0.242 -0.100 -0.100  0.100  0.100  0.100   0.0434635408
  22 -0.242  0.282 -0.100  0.100  0.100  0.100   0.0423059260
  24 -0.242  0.240 -0.100  0.100  0.100  0.100   0.0421981454
  26 -0.242  0.249 -0.100  0.100  0.100  0.100   0.0421861470
  28 -0.242  0.248 -0.100  0.100  0.100  0.100   0.0421858668
  39 -0.242  0.248 -0.131  0.100  0.100  0.100   0.0421486034
  40 -0.242  0.248 -0.128  0.100  0.100  0.100   0.0421471169
  51 -0.242  0.248 -0.128  0.014  0.100  0.100   0.0419560581
  53 -0.242  0.248 -0.128 -0.043  0.100  0.100   0.0418259160
  55 -0.242  0.248 -0.128 -0.021  0.100  0.100   0.0418177271
  56 -0.242  0.248 -0.128 -0.030  0.100  0.100   0.0418067482
  57 -0.242  0.248 -0.128 -0.031  0.100  0.100   0.0418064928
  58 -0.242  0.248 -0.128 -0.032  0.100  0.100   0.0418064710
  67 -0.242  0.248 -0.128 -0.032  0.071  0.100   0.0416865054
  69 -0.242  0.248 -0.128 -0.032  0.076  0.100   0.0416836014
  71 -0.242  0.248 -0.128 -0.032  0.075  0.100   0.0416834791
  82 -0.242  0.248 -0.128 -0.032  0.075  0.099   0.0416832848
  powell nthiter 1: fret = 0.041683
  91 -0.203  0.248 -0.128 -0.032  0.075  0.099   0.0415705776
  94 -0.206  0.248 -0.128 -0.032  0.075  0.099   0.0415696055
 105 -0.206  0.171 -0.128 -0.032  0.075  0.099   0.0414590482
 108 -0.206  0.180 -0.128 -0.032  0.075  0.099   0.0414524275
 110 -0.206  0.182 -0.128 -0.032  0.075  0.099   0.0414517658
 112 -0.206  0.183 -0.128 -0.032  0.075  0.099   0.0414515555
 113 -0.206  0.184 -0.128 -0.032  0.075  0.099   0.0414514979
 121 -0.206  0.184 -0.090 -0.032  0.075  0.099   0.0412881375
 123 -0.206  0.184 -0.083 -0.032  0.075  0.099   0.0412848714
 124 -0.206  0.184 -0.084 -0.032  0.075  0.099   0.0412845925
 134 -0.206  0.184 -0.084 -0.055  0.075  0.099   0.0412246263
 136 -0.206  0.184 -0.084 -0.074  0.075  0.099   0.0412222740
 138 -0.206  0.184 -0.084 -0.086  0.075  0.099   0.0412196089
 140 -0.206  0.184 -0.084 -0.082  0.075  0.099   0.0412160102
 141 -0.206  0.184 -0.084 -0.081  0.075  0.099   0.0412158660
 142 -0.206  0.184 -0.084 -0.080  0.075  0.099   0.0412158545
 151 -0.206  0.184 -0.084 -0.080  0.014  0.099   0.0411500924
 152 -0.206  0.184 -0.084 -0.080  0.037  0.099   0.0410644370
 153 -0.206  0.184 -0.084 -0.080  0.040  0.099   0.0410595161
 154 -0.206  0.184 -0.084 -0.080  0.050  0.099   0.0410578584
 156 -0.206  0.184 -0.084 -0.080  0.046  0.099   0.0410545211
 158 -0.206  0.184 -0.084 -0.080  0.047  0.099   0.0410542617
 166 -0.206  0.184 -0.084 -0.080  0.047  0.097   0.0410456454
 169 -0.206  0.184 -0.084 -0.080  0.047  0.084   0.0410167211
 171 -0.206  0.184 -0.084 -0.080  0.047  0.085   0.0410162896
 174 -0.170  0.121 -0.040 -0.128  0.019  0.070   0.0406769424
 177 -0.112  0.018  0.030 -0.205 -0.027  0.047   0.0405912113
 178 -0.133  0.054  0.006 -0.178 -0.011  0.055   0.0405700291
 184 -0.135  0.058  0.003 -0.175 -0.009  0.056   0.0405691593
 185 -0.135  0.057  0.003 -0.175 -0.009  0.056   0.0405691241
 186 -0.134  0.057  0.003 -0.175 -0.009  0.056   0.0405691121
  powell nthiter 2: fret = 0.040569
 200 -0.133  0.057  0.003 -0.175 -0.009  0.056   0.0405691013
 213 -0.133  0.059  0.003 -0.175 -0.009  0.056   0.0405689712
 214 -0.133  0.060  0.003 -0.175 -0.009  0.056   0.0405689312
 215 -0.133  0.063  0.003 -0.175 -0.009  0.056   0.0405687662
 224 -0.133  0.063  0.003 -0.175 -0.009  0.064   0.0405599662
 225 -0.133  0.063  0.003 -0.175 -0.009  0.075   0.0405554491
 227 -0.133  0.063  0.003 -0.175 -0.009  0.073   0.0405553838
 229 -0.133  0.063  0.003 -0.175 -0.009  0.074   0.0405552900
 243 -0.133  0.063  0.003 -0.179 -0.009  0.074   0.0405544118
 244 -0.133  0.063  0.003 -0.178 -0.009  0.074   0.0405540949
 252 -0.133  0.063  0.003 -0.178 -0.039  0.074   0.0405491994
 253 -0.133  0.063  0.003 -0.178 -0.025  0.074   0.0405309745
 254 -0.133  0.063  0.003 -0.178 -0.024  0.074   0.0405305802
 256 -0.133  0.063  0.003 -0.178 -0.023  0.074   0.0405304610
 263 -0.133  0.062  0.004 -0.179 -0.024  0.073   0.0405302261
  powell nthiter 3: fret = 0.040530
 277 -0.100  0.062  0.004 -0.179 -0.024  0.073   0.0404733648
 288 -0.100  0.063  0.004 -0.179 -0.024  0.073   0.0404733557
 298 -0.100  0.063  0.004 -0.179 -0.024  0.076   0.0404731634
 300 -0.100  0.063  0.004 -0.179 -0.024  0.075   0.0404726224
 324 -0.100  0.063  0.004 -0.179 -0.034  0.075   0.0404622362
 326 -0.100  0.063  0.004 -0.179 -0.031  0.075   0.0404577909
 328 -0.100  0.063  0.004 -0.179 -0.030  0.075   0.0404574536
 335 -0.103  0.068  0.001 -0.175 -0.028  0.076   0.0404560780
 337 -0.103  0.068  0.001 -0.175 -0.028  0.076   0.0404560579
 339 -0.103  0.067  0.002 -0.176 -0.028  0.076   0.0404560194
 341 -0.102  0.066  0.002 -0.176 -0.029  0.076   0.0404560008
 345 -0.072  0.071 -0.001 -0.173 -0.033  0.079   0.0404084466
 353 -0.072  0.071 -0.001 -0.173 -0.033  0.079   0.0404084195
 357 -0.072  0.071 -0.001 -0.173 -0.033  0.079   0.0404083950
  powell nthiter 4: fret = 0.040408
 367 -0.071  0.069  0.001 -0.175 -0.034  0.078   0.0404082104
 371 -0.071  0.069  0.001 -0.175 -0.034  0.078   0.0404081930
 382 -0.071  0.071  0.001 -0.175 -0.034  0.078   0.0404054417
 385 -0.071  0.074  0.001 -0.175 -0.034  0.078   0.0404042568
 396 -0.071  0.074  0.001 -0.175 -0.034  0.075   0.0404025550
 399 -0.071  0.074  0.001 -0.175 -0.034  0.074   0.0404023906
 411 -0.071  0.074  0.001 -0.170 -0.034  0.074   0.0404021236
 412 -0.071  0.074  0.001 -0.172 -0.034  0.074   0.0404003300
 422 -0.071  0.074  0.001 -0.172 -0.038  0.074   0.0403818977
 423 -0.071  0.074  0.001 -0.172 -0.046  0.074   0.0403697702
 424 -0.071  0.074  0.001 -0.172 -0.045  0.074   0.0403691172
 431 -0.059  0.075 -0.000 -0.171 -0.046  0.075   0.0403585897
 433 -0.060  0.075 -0.000 -0.171 -0.046  0.075   0.0403585824
 434 -0.060  0.075 -0.000 -0.171 -0.046  0.075   0.0403585594
  powell nthiter 5: fret = 0.040359
 444 -0.062  0.078 -0.002 -0.169 -0.045  0.076   0.0403584043
 445 -0.061  0.077 -0.001 -0.170 -0.045  0.076   0.0403582286
 448 -0.061  0.077 -0.002 -0.169 -0.045  0.076   0.0403582284
 450 -0.061  0.077 -0.001 -0.170 -0.045  0.076   0.0403582120
 461 -0.061  0.079 -0.001 -0.170 -0.045  0.076   0.0403573490
 471 -0.061  0.079 -0.001 -0.170 -0.045  0.074   0.0403549948
 485 -0.061  0.079 -0.001 -0.168 -0.045  0.074   0.0403548934
 495 -0.061  0.079 -0.001 -0.168 -0.048  0.074   0.0403544652
 497 -0.061  0.079 -0.001 -0.168 -0.047  0.074   0.0403541915
 504 -0.058  0.079 -0.002 -0.167 -0.047  0.074   0.0403535605
 506 -0.059  0.079 -0.002 -0.167 -0.047  0.074   0.0403535426
 508 -0.059  0.079 -0.002 -0.167 -0.047  0.074   0.0403535150
  powell nthiter 6: fret = 0.040354
 520 -0.059  0.079 -0.002 -0.167 -0.047  0.074   0.0403534951
 521 -0.058  0.078 -0.001 -0.169 -0.048  0.073   0.0403528837
 525 -0.057  0.077 -0.000 -0.169 -0.048  0.073   0.0403528306
 526 -0.057  0.077 -0.000 -0.169 -0.048  0.073   0.0403528258
 539 -0.057  0.078 -0.000 -0.169 -0.048  0.073   0.0403526297
 550 -0.057  0.078 -0.000 -0.169 -0.048  0.072   0.0403520790
 581 -0.054  0.078 -0.000 -0.169 -0.050  0.072   0.0403514125
 587 -0.054  0.078 -0.000 -0.169 -0.050  0.072   0.0403513842
  powell nthiter 7: fret = 0.040351
 599 -0.053  0.077  0.001 -0.170 -0.051  0.072   0.0403510861
 601 -0.053  0.077  0.001 -0.170 -0.051  0.072   0.0403510722
 613 -0.053  0.076  0.001 -0.170 -0.051  0.072   0.0403508675
 623 -0.053  0.076  0.001 -0.170 -0.051  0.071   0.0403502042
 654 -0.052  0.076  0.001 -0.170 -0.051  0.071   0.0403501585
 655 -0.052  0.076  0.001 -0.170 -0.051  0.071   0.0403501444
 656 -0.053  0.076  0.001 -0.170 -0.051  0.071   0.0403501296
 659 -0.052  0.076  0.001 -0.170 -0.051  0.071   0.0403501247
 662 -0.051  0.073  0.002 -0.171 -0.051  0.070   0.0403498425
 668 -0.051  0.074  0.001 -0.171 -0.051  0.070   0.0403498274
 669 -0.051  0.074  0.001 -0.171 -0.051  0.070   0.0403498002
 672 -0.051  0.074  0.001 -0.171 -0.051  0.070   0.0403497834
 673 -0.051  0.074  0.001 -0.171 -0.051  0.070   0.0403497681
 676 -0.051  0.074  0.001 -0.171 -0.051  0.070   0.0403497614
  powell nthiter 8: fret = 0.040350
 684 -0.052  0.076  0.000 -0.170 -0.051  0.071   0.0403497255
 685 -0.052  0.075  0.001 -0.170 -0.051  0.070   0.0403496700
 686 -0.052  0.075  0.001 -0.170 -0.051  0.070   0.0403496550
 688 -0.052  0.075  0.001 -0.170 -0.051  0.070   0.0403496338
 689 -0.052  0.075  0.001 -0.170 -0.051  0.070   0.0403496231
 700 -0.052  0.074  0.001 -0.170 -0.051  0.070   0.0403494895
 738 -0.051  0.073  0.001 -0.171 -0.051  0.070   0.0403494363
 739 -0.051  0.073  0.001 -0.171 -0.051  0.070   0.0403494059
 747 -0.051  0.073  0.001 -0.171 -0.051  0.070   0.0403494036
  powell nthiter 9: fret = 0.040349
 757 -0.052  0.074  0.000 -0.169 -0.051  0.070   0.0403493169
 758 -0.052  0.074  0.000 -0.170 -0.051  0.070   0.0403492859
 759 -0.052  0.074  0.001 -0.170 -0.051  0.070   0.0403492505
 761 -0.052  0.074  0.001 -0.170 -0.051  0.070   0.0403492374
 781 -0.052  0.074  0.001 -0.170 -0.051  0.070   0.0403492339
 787 -0.052  0.074  0.001 -0.170 -0.051  0.070   0.0403492295
 788 -0.052  0.074  0.001 -0.170 -0.051  0.070   0.0403492198
 820 -0.052  0.073  0.001 -0.170 -0.051  0.070   0.0403491033
 822 -0.052  0.073  0.001 -0.170 -0.051  0.070   0.0403491019
 831 -0.052  0.073  0.001 -0.170 -0.051  0.069   0.0403489460
 834 -0.053  0.073  0.000 -0.170 -0.051  0.069   0.0403488662
 835 -0.053  0.073  0.000 -0.170 -0.051  0.069   0.0403488462
 842 -0.053  0.073  0.000 -0.170 -0.051  0.069   0.0403488280
 843 -0.053  0.073  0.000 -0.170 -0.051  0.069   0.0403488239
 844 -0.053  0.073  0.000 -0.170 -0.051  0.069   0.0403488225
  powell nthiter 10: fret = 0.040349
 851 -0.052  0.072  0.001 -0.170 -0.051  0.068   0.0403487543
 852 -0.052  0.072  0.001 -0.170 -0.051  0.069   0.0403487452
 856 -0.052  0.072  0.001 -0.170 -0.051  0.069   0.0403487361
 858 -0.052  0.072  0.001 -0.170 -0.051  0.069   0.0403487228
 859 -0.052  0.072  0.001 -0.170 -0.051  0.069   0.0403487171
  powell nthiter 11: fret = 0.040349
Powell done niters = 11
Computing relative cost
 0  -25.0 -25.0 -25.0   0.987718
 1  -25.0 -25.0  25.0   1.008575
 2  -25.0  25.0 -25.0   1.017626
 3  -25.0  25.0  25.0   1.003951
 4   25.0 -25.0 -25.0   0.991514
 5   25.0 -25.0  25.0   1.007207
 6   25.0  25.0 -25.0   1.000471
 7   25.0  25.0  25.0   1.006801
REL:  8  0.040349    8.023864  1.002983 rel = 0.0402287 
Number of iterations    11
Min cost was 0.040349
Number of FunctionCalls  1013
TolPowell 0.000000
nMaxItersPowell 36
OptimizationTime 22.862735 sec
Parameters at optimum (transmm) -0.05237  0.07221  0.00074
Parameters at optimum (rotdeg) -0.17007 -0.05075  0.06865 
Final costs ----------------
Number of surface hits 281847
WM  Intensity   108.2387 +/-  17.5520
Ctx Intensity   190.6835 +/-  50.1567
Pct Contrast     52.4489 +/-  27.0517
Cost   0.0403
RelCost   0.0417
Reg at min cost was 
 0.00177   0.99982   0.01867  -0.71804;
-0.99989   0.00149   0.01481   0.20492;
 0.01478  -0.01870   0.99972  -0.70710;
 0.00000   0.00000   0.00000   1.00000;

Writing optimal reg to /home/ts/develop/sub-01/derived/FreeSurfer/8.2.0/subjects_dir/sub-01/mri/transforms/T2raw.auto.dat, type = 14 
Original Reg 
 0.00059   0.99981   0.01958  -0.66614;
-0.99993   0.00035   0.01182   0.13561;
 0.01181  -0.01958   0.99974  -0.70686;
 0.00000   0.00000   0.00000   1.00000;

Original Reg - Optimal Reg
-0.00118  -0.00002   0.00090   0.05190;
-0.00004  -0.00114  -0.00299  -0.06931;
-0.00297  -0.00088   0.00002   0.00024;
 0.00000   0.00000   0.00000   0.00000;

Computing change in lh position
LH rmsDiffMean 0.266612
Computing change in rh position
Surface-RMS-Diff-mm 0.244812 0.090511 0.427109
mri_segreg done
MinCost: 0.040349 108.238711 190.683463 52.448871 
tkregister2_cmdl --mov /home/ts/develop/sub-01/derived/FreeSurfer/8.2.0/subjects_dir/sub-01/mri/orig/T2raw.mgz --reg /home/ts/develop/sub-01/derived/FreeSurfer/8.2.0/subjects_dir/sub-01/mri/transforms/T2raw.auto.dat --noedit --ltaout /home/ts/develop/sub-01/derived/FreeSurfer/8.2.0/subjects_dir/sub-01/mri/transforms/T2raw.auto.lta
INFO: no target volume specified, assuming FreeSurfer orig volume.
target  volume orig
movable volume /home/ts/develop/sub-01/derived/FreeSurfer/8.2.0/subjects_dir/sub-01/mri/orig/T2raw.mgz
reg file       /home/ts/develop/sub-01/derived/FreeSurfer/8.2.0/subjects_dir/sub-01/mri/transforms/T2raw.auto.dat
LoadVol        0
ZeroCRAS       0
8.2.0
Diagnostic Level -1
---- Input registration matrix --------
 0.00177   0.99982   0.01867  -0.71804;
-0.99989   0.00149   0.01481   0.20492;
 0.01478  -0.01870   0.99972  -0.70710;
 0.00000   0.00000   0.00000   1.00000;
float2int = 0
---------------------------------------
INFO: loading target /home/ts/develop/sub-01/derived/FreeSurfer/8.2.0/subjects_dir/sub-01/mri/orig.mgz
Ttarg: --------------------
-1.00000   0.00000   0.00000   128.00000;
 0.00000   0.00000   1.00000  -128.00000;
 0.00000  -1.00000   0.00000   128.00000;
 0.00000   0.00000   0.00000   1.00000;
INFO: loading movable /home/ts/develop/sub-01/derived/FreeSurfer/8.2.0/subjects_dir/sub-01/mri/orig/T2raw.mgz
Tmov: --------------------
-1.00000   0.00000   0.00000   128.00000;
 0.00000   0.00000   1.00000  -96.00000;
 0.00000  -1.00000   0.00000   128.00000;
 0.00000   0.00000   0.00000   1.00000;
mkheaderreg = 0, float2int = 0
---- Input registration matrix --------
 0.00177   0.99982   0.01867  -0.71804;
-0.99989   0.00149   0.01481   0.20492;
 0.01478  -0.01870   0.99972  -0.70710;
 0.00000   0.00000   0.00000   1.00000;
Determinant 1
subject = sub-01
RegMat ---------------------------
 0.00177   0.99982   0.01867  -0.71804;
-0.99989   0.00149   0.01481   0.20492;
 0.01478  -0.01870   0.99972  -0.70710;
 0.00000   0.00000   0.00000   1.00000;
Cleaning up
 
Started at Fri Sep 4 13:54:50 CEST 2026 
Ended   at Fri Sep  4 13:55:37 CEST 2026
BBR-Run-Time-Sec 47
 
bbregister Done
To check results, run:
tkregisterfv --mov /home/ts/develop/sub-01/derived/FreeSurfer/8.2.0/subjects_dir/sub-01/mri/orig/T2raw.mgz --reg /home/ts/develop/sub-01/derived/FreeSurfer/8.2.0/subjects_dir/sub-01/mri/transforms/T2raw.auto.lta --surfs  --sd /home/ts/develop/sub-01/derived/FreeSurfer/8.2.0/subjects_dir
