Wed Mar 21 10:21:29 CET 2018
setenv SUBJECTS_DIR /Users/timschaefer/data
cd /Users/timschaefer/data/tim/surf
/Applications/freesurfer/bin/mris_preproc --s tim --hemi rh --meas volume --target fsaverage --out rh.volume.fsaverage.mgh

Darwin BloodyAwesome2.local 17.4.0 Darwin Kernel Version 17.4.0: Sun Dec 17 09:19:54 PST 2017; root:xnu-4570.41.2~1/RELEASE_X86_64 x86_64
$Id: FreeSurferEnv.csh,v 1.89 2016/06/09 14:54:31 zkaufman Exp $
freesurfer-Darwin-OSX-stable-pub-v6.0.0-2beb96c
tmpdir is ./tmp.mris_preproc.16513
Src rh sphere.reg
Trg rh sphere.reg

\n\n
---------------------------------------------------
#@# 1/1 tim Wed Mar 21 10:21:29 CET 2018 --------------
-----------------------
mri_surf2surf --srcsubject tim --srchemi rh --srcsurfreg sphere.reg --trgsubject fsaverage --trghemi rh --trgsurfreg sphere.reg --tval ./tmp.mris_preproc.16513/tim.1.mgh --sval /Users/timschaefer/data/tim/surf/rh.volume --jac --sfmt curv --noreshape --cortex
Source registration surface changed to sphere.reg
Target registration surface changed to sphere.reg

$Id: mri_surf2surf.c,v 1.103 2015/11/05 22:07:33 greve Exp $

setenv SUBJECTS_DIR /Users/timschaefer/data
cd /Users/timschaefer/data/tim/surf
mri_surf2surf --srcsubject tim --srchemi rh --srcsurfreg sphere.reg --trgsubject fsaverage --trghemi rh --trgsurfreg sphere.reg --tval ./tmp.mris_preproc.16513/tim.1.mgh --sval /Users/timschaefer/data/tim/surf/rh.volume --jac --sfmt curv --noreshape --cortex 

sysname  Darwin
hostname BloodyAwesome2.local
machine  x86_64
user     timschaefer
srcsubject = tim
srcval     = /Users/timschaefer/data/tim/surf/rh.volume
srctype    = curv
trgsubject = fsaverage
trgval     = ./tmp.mris_preproc.16513/tim.1.mgh
trgtype    = 
srcsurfreg = sphere.reg
trgsurfreg = sphere.reg
srchemi    = rh
trghemi    = rh
frame      = 0
fwhm-in    = 0
fwhm-out   = 0
label-src  = rh.cortex.label
label-trg  = rh.cortex.label
OKToRevFaceOrder  = 1
UseDualHemi = 0
Reading source surface reg /Users/timschaefer/data/tim/surf/rh.sphere.reg
Loading source data
Reading curvature file /Users/timschaefer/data/tim/surf/rh.volume
Reading source subject label mask rh.cortex.label
masking the input
Reading target surface reg /Users/timschaefer/data/fsaverage/surf/rh.sphere.reg
Done
Using surf2surf_nnfr()
Mapping Source Volume onto Source Subject Surface with Jacobian Correction
surf2surf_nnfr_jac: building source hash (res=16).
Surf2SurfJac: 1st Forward Loop (163842)
Surf2SurfJac: 2nd Forward Loop (163842)
surf2surf_nnfr: building target hash (res=16).
Surf2SurfJac: Reverse Loop (153333)
Reverse Loop had 29692 hits
INFO: nSrcLost = 0
surf2surf_nnfr_jac() done
nTrg121 = 140053, nTrgMulti = 23789, MnTrgMultiHits = 2.24814
nSrc121 = 120429, nSrcLost =     0, nSrcMulti = 32904, MnSrcMultiHits = 2.22177
Reading target space mask label rh.cortex.label
masking the input
Saving target data
Saving to ./tmp.mris_preproc.16513/tim.1.mgh
\n\n
-----------------------
mri_concat ./tmp.mris_preproc.16513/tim.1.mgh --o rh.volume.fsaverage.mgh
ninputs = 1
Checking inputs
nframestot = 1
Allocing output
Done allocing
nframes = 1
Writing to rh.volume.fsaverage.mgh
\n\n
Cleaning up
-----------------------
rm -r ./tmp.mris_preproc.16513
Wed Mar 21 10:21:37 CET 2018
mris_preproc done
