Log file for defect2seg
Fri Sep  4 11:51:06 CEST 2026

setenv SUBJECTS_DIR /home/ts/develop/subject1/derived/FreeSurfer/7.4.1/subjects_dir
cd /home/ts/develop/subject1/derived/FreeSurfer/7.4.1/subjects_dir/sub-01/scripts
/home/ts/software/freesurfer/freesurfer7.4.1/bin/defect2seg --s sub-01 --cortex

freesurfer-linux-ubuntu22_x86_64-7.4.1-20230614-7eb8460
defect2seg 7.4.1
Linux mini 7.0.0-30-generic #30~24.04.1-Ubuntu SMP PREEMPT_DYNAMIC Fri Aug  7 13:27:52 UTC 2 x86_64 x86_64 x86_64 GNU/Linux
pid 97921
mri_label2label --label-cortex /home/ts/develop/subject1/derived/FreeSurfer/7.4.1/subjects_dir/sub-01/surf/lh.orig.nofix /home/ts/develop/subject1/derived/FreeSurfer/7.4.1/subjects_dir/sub-01/mri/aseg.presurf.mgz 0 /home/ts/develop/subject1/derived/FreeSurfer/7.4.1/subjects_dir/sub-01/label/lh.nofix.cortex.label

 Generating cortex label... RemoveHipAmgy=0
 NucAccIsMedialWall=0
 mris->useRealRAS=0
19 non-cortical segments detected
only using segment with 7619 vertices
erasing segment 0 (vno[0] = 27242)
erasing segment 1 (vno[0] = 28404)
erasing segment 3 (vno[0] = 56864)
erasing segment 4 (vno[0] = 88093)
erasing segment 5 (vno[0] = 99677)
erasing segment 6 (vno[0] = 101422)
erasing segment 7 (vno[0] = 101469)
erasing segment 8 (vno[0] = 102488)
erasing segment 9 (vno[0] = 102502)
erasing segment 10 (vno[0] = 102519)
erasing segment 11 (vno[0] = 104241)
erasing segment 12 (vno[0] = 104321)
erasing segment 13 (vno[0] = 105211)
erasing segment 14 (vno[0] = 105341)
erasing segment 15 (vno[0] = 106187)
erasing segment 16 (vno[0] = 111477)
erasing segment 17 (vno[0] = 118345)
erasing segment 18 (vno[0] = 119073)
mri_label2vol --defects /home/ts/develop/subject1/derived/FreeSurfer/7.4.1/subjects_dir/sub-01/surf/lh.orig.nofix /home/ts/develop/subject1/derived/FreeSurfer/7.4.1/subjects_dir/sub-01/surf/lh.defect_labels /home/ts/develop/subject1/derived/FreeSurfer/7.4.1/subjects_dir/sub-01/mri/orig.mgz 1000 0 /home/ts/develop/subject1/derived/FreeSurfer/7.4.1/subjects_dir/sub-01/mri/surface.defects.mgz /home/ts/develop/subject1/derived/FreeSurfer/7.4.1/subjects_dir/sub-01/label/lh.nofix.cortex.label
mri_label2vol supposed to be reproducible but seed not set
Contraining to label /home/ts/develop/subject1/derived/FreeSurfer/7.4.1/subjects_dir/sub-01/label/lh.nofix.cortex.label
Changing input type 0 to MRI_INT
Converting defects to volume: offset=1000, merge=0
Writing to /home/ts/develop/subject1/derived/FreeSurfer/7.4.1/subjects_dir/sub-01/mri/surface.defects.mgz
mris_defects_pointset -s /home/ts/develop/subject1/derived/FreeSurfer/7.4.1/subjects_dir/sub-01/surf/lh.orig.nofix -d /home/ts/develop/subject1/derived/FreeSurfer/7.4.1/subjects_dir/sub-01/surf/lh.defect_labels -o /home/ts/develop/subject1/derived/FreeSurfer/7.4.1/subjects_dir/sub-01/surf/lh.defects.pointset --label /home/ts/develop/subject1/derived/FreeSurfer/7.4.1/subjects_dir/sub-01/label/lh.nofix.cortex.label
Reading in surface /home/ts/develop/subject1/derived/FreeSurfer/7.4.1/subjects_dir/sub-01/surf/lh.orig.nofix
Reading in defect segmentation /home/ts/develop/subject1/derived/FreeSurfer/7.4.1/subjects_dir/sub-01/surf/lh.defect_labels
Reading in label /home/ts/develop/subject1/derived/FreeSurfer/7.4.1/subjects_dir/sub-01/label/lh.nofix.cortex.label
#VMPC# mris_defects_pointset 1108572
mris_defects_pointset done
mri_label2label --label-cortex /home/ts/develop/subject1/derived/FreeSurfer/7.4.1/subjects_dir/sub-01/surf/rh.orig.nofix /home/ts/develop/subject1/derived/FreeSurfer/7.4.1/subjects_dir/sub-01/mri/aseg.presurf.mgz 0 /home/ts/develop/subject1/derived/FreeSurfer/7.4.1/subjects_dir/sub-01/label/rh.nofix.cortex.label

 Generating cortex label... RemoveHipAmgy=0
 NucAccIsMedialWall=0
 mris->useRealRAS=0
18 non-cortical segments detected
only using segment with 7649 vertices
erasing segment 1 (vno[0] = 54183)
erasing segment 2 (vno[0] = 66453)
erasing segment 3 (vno[0] = 69697)
erasing segment 4 (vno[0] = 88519)
erasing segment 5 (vno[0] = 89588)
erasing segment 6 (vno[0] = 90545)
erasing segment 7 (vno[0] = 101951)
erasing segment 8 (vno[0] = 102924)
erasing segment 9 (vno[0] = 104108)
erasing segment 10 (vno[0] = 105058)
erasing segment 11 (vno[0] = 105078)
erasing segment 12 (vno[0] = 106940)
erasing segment 13 (vno[0] = 108060)
erasing segment 14 (vno[0] = 108941)
erasing segment 15 (vno[0] = 120878)
erasing segment 16 (vno[0] = 121567)
erasing segment 17 (vno[0] = 126362)
mri_label2vol --defects /home/ts/develop/subject1/derived/FreeSurfer/7.4.1/subjects_dir/sub-01/surf/rh.orig.nofix /home/ts/develop/subject1/derived/FreeSurfer/7.4.1/subjects_dir/sub-01/surf/rh.defect_labels /home/ts/develop/subject1/derived/FreeSurfer/7.4.1/subjects_dir/sub-01/mri/surface.defects.mgz 2000 1 /home/ts/develop/subject1/derived/FreeSurfer/7.4.1/subjects_dir/sub-01/mri/surface.defects.mgz /home/ts/develop/subject1/derived/FreeSurfer/7.4.1/subjects_dir/sub-01/label/rh.nofix.cortex.label
mri_label2vol supposed to be reproducible but seed not set
Contraining to label /home/ts/develop/subject1/derived/FreeSurfer/7.4.1/subjects_dir/sub-01/label/rh.nofix.cortex.label
Converting defects to volume: offset=2000, merge=1
Writing to /home/ts/develop/subject1/derived/FreeSurfer/7.4.1/subjects_dir/sub-01/mri/surface.defects.mgz
mris_defects_pointset -s /home/ts/develop/subject1/derived/FreeSurfer/7.4.1/subjects_dir/sub-01/surf/rh.orig.nofix -d /home/ts/develop/subject1/derived/FreeSurfer/7.4.1/subjects_dir/sub-01/surf/rh.defect_labels -o /home/ts/develop/subject1/derived/FreeSurfer/7.4.1/subjects_dir/sub-01/surf/rh.defects.pointset --label /home/ts/develop/subject1/derived/FreeSurfer/7.4.1/subjects_dir/sub-01/label/rh.nofix.cortex.label
Reading in surface /home/ts/develop/subject1/derived/FreeSurfer/7.4.1/subjects_dir/sub-01/surf/rh.orig.nofix
Reading in defect segmentation /home/ts/develop/subject1/derived/FreeSurfer/7.4.1/subjects_dir/sub-01/surf/rh.defect_labels
Reading in label /home/ts/develop/subject1/derived/FreeSurfer/7.4.1/subjects_dir/sub-01/label/rh.nofix.cortex.label
#VMPC# mris_defects_pointset 1109968
mris_defects_pointset done
 
Started at Fri Sep 4 11:51:06 CEST 2026 
Ended   at Fri Sep  4 11:51:19 CEST 2026
Defect2seg-Run-Time-Sec 13
Defect2seg-Run-Time-Min 0.26
Defect2seg-Run-Time-Hours 0.00
 
defect2seg Done
