/home/ts/develop/subject1/derived/FreeSurfer/7.4.1/subjects_dir/sub-01/mri
/home/ts/software/freesurfer/freesurfer7.4.1/bin/mri_nu_correct.mni
--i orig.mgz --o nu.mgz --uchar transforms/talairach.xfm --n 2 --ants-n4
nIters 2
mri_nu_correct.mni 7.4.1
Linux mini 7.0.0-30-generic #30~24.04.1-Ubuntu SMP PREEMPT_DYNAMIC Fri Aug  7 13:27:52 UTC 2 x86_64 x86_64 x86_64 GNU/Linux
Fri Sep  4 10:56:00 CEST 2026
tmpdir is ./tmp.mri_nu_correct.mni.75618
cd /home/ts/develop/subject1/derived/FreeSurfer/7.4.1/subjects_dir/sub-01/mri
AntsN4BiasFieldCorrectionFs -i orig.mgz -o ./tmp.mri_nu_correct.mni.75618/nu0.mgz --dtype uchar
AntsN4BiasFieldCorrectionFs done
mri_binarize --i ./tmp.mri_nu_correct.mni.75618/nu0.mgz --min -1 --o ./tmp.mri_nu_correct.mni.75618/ones.mgz

7.4.1
cwd /home/ts/develop/subject1/derived/FreeSurfer/7.4.1/subjects_dir/sub-01/mri
cmdline mri_binarize --i ./tmp.mri_nu_correct.mni.75618/nu0.mgz --min -1 --o ./tmp.mri_nu_correct.mni.75618/ones.mgz 
sysname  Linux
hostname mini
machine  x86_64
user     ts

input      ./tmp.mri_nu_correct.mni.75618/nu0.mgz
frame      0
nErode3d   0
nErode2d   0
output     ./tmp.mri_nu_correct.mni.75618/ones.mgz
Binarizing based on threshold
min        -1
max        +infinity
binval        1
binvalnot     0
fstart = 0, fend = 0, nframes = 1
Starting parallel 1
Found 16777216 values in range
Counting number of voxels in first frame
Found 16777215 voxels in final mask
Writing output to ./tmp.mri_nu_correct.mni.75618/ones.mgz
Count: 16777215 16777215.000000 16777216 99.999994
mri_binarize done
mri_segstats --id 1 --seg ./tmp.mri_nu_correct.mni.75618/ones.mgz --i orig.mgz --sum ./tmp.mri_nu_correct.mni.75618/sum.junk --avgwf ./tmp.mri_nu_correct.mni.75618/input.mean.dat

7.4.1
cwd 
cmdline mri_segstats --id 1 --seg ./tmp.mri_nu_correct.mni.75618/ones.mgz --i orig.mgz --sum ./tmp.mri_nu_correct.mni.75618/sum.junk --avgwf ./tmp.mri_nu_correct.mni.75618/input.mean.dat 
sysname  Linux
hostname mini
machine  x86_64
user     ts
whitesurfname  white
UseRobust  0
Loading ./tmp.mri_nu_correct.mni.75618/ones.mgz
Loading orig.mgz
Voxel Volume is 1 mm^3
Generating list of segmentation ids
Found   1 segmentations
Computing statistics for each segmentation

Reporting on   1 segmentations
Using PrintSegStat
Computing spatial average of each frame

Writing to ./tmp.mri_nu_correct.mni.75618/input.mean.dat
mri_segstats done
mri_segstats --id 1 --seg ./tmp.mri_nu_correct.mni.75618/ones.mgz --i ./tmp.mri_nu_correct.mni.75618/nu0.mgz --sum ./tmp.mri_nu_correct.mni.75618/sum.junk --avgwf ./tmp.mri_nu_correct.mni.75618/output.mean.dat

7.4.1
cwd 
cmdline mri_segstats --id 1 --seg ./tmp.mri_nu_correct.mni.75618/ones.mgz --i ./tmp.mri_nu_correct.mni.75618/nu0.mgz --sum ./tmp.mri_nu_correct.mni.75618/sum.junk --avgwf ./tmp.mri_nu_correct.mni.75618/output.mean.dat 
sysname  Linux
hostname mini
machine  x86_64
user     ts
whitesurfname  white
UseRobust  0
Loading ./tmp.mri_nu_correct.mni.75618/ones.mgz
Loading ./tmp.mri_nu_correct.mni.75618/nu0.mgz
Voxel Volume is 1 mm^3
Generating list of segmentation ids
Found   1 segmentations
Computing statistics for each segmentation

Reporting on   1 segmentations
Using PrintSegStat
Computing spatial average of each frame

Writing to ./tmp.mri_nu_correct.mni.75618/output.mean.dat
mri_segstats done
mris_calc -o ./tmp.mri_nu_correct.mni.75618/nu0.mgz ./tmp.mri_nu_correct.mni.75618/nu0.mgz mul 1.27906755073971128157
mri_convert ./tmp.mri_nu_correct.mni.75618/nu0.mgz nu.mgz --like orig.mgz
mri_convert ./tmp.mri_nu_correct.mni.75618/nu0.mgz nu.mgz --like orig.mgz 
reading from ./tmp.mri_nu_correct.mni.75618/nu0.mgz...
TR=2300.00, TE=2.01, TI=900.00, flip angle=9.00
i_ras = (-1, 0, 0)
j_ras = (0, 0, -1)
k_ras = (0, 1, 0)
INFO: transform src into the like-volume: orig.mgz
writing to nu.mgz...
mri_make_uchar nu.mgz transforms/talairach.xfm nu.mgz
type change took 0 minutes and 2 seconds.
FIRST_PERCENTILE 0.010000
WM_PERCENTILE    0.900000
MAX_R 50.000000
i1 = 8, i2 = 72
#mri_make_uchar# mapping 19 170 to  3 110  :  b -10.8813 m 0.710307 : thresh 15.3191 maxsat 374.319 : nzero 10999403 nsat 0
 
 
Fri Sep  4 10:58:04 CEST 2026
mri_nu_correct.mni done
