/home/ts/develop/subject1/derived/FreeSurfer/7.4.1/subjects_dir/sub-01/mri
/home/ts/software/freesurfer/freesurfer7.4.1/bin/talairach_avi
--i orig_nu.mgz --xfm transforms/talairach.auto.xfm
talairach_avi 7.4.1
Linux mini 7.0.0-30-generic #30~24.04.1-Ubuntu SMP PREEMPT_DYNAMIC Fri Aug  7 13:27:52 UTC 2 x86_64 x86_64 x86_64 GNU/Linux
Fri Sep  4 10:55:39 CEST 2026
mri_convert orig_nu.mgz talsrcimg.img 
reading from orig_nu.mgz...
TR=2300.00, TE=2.01, TI=900.00, flip angle=9.00
i_ras = (-1, 0, 0)
j_ras = (0, 0, -1)
k_ras = (0, 1, 0)
writing to talsrcimg.img...
Analyze Output Matrix
-1.00000   0.00000   0.00000   128.50005;
 0.00000   0.00000   1.00000  -99.62723;
 0.00000  -1.00000   0.00000   80.09527;
 0.00000   0.00000   0.00000   1.00000;
--------------------
INFO: set hdr.hist.orient to -1
mpr2mni305 talsrcimg
Fri Sep  4 10:55:39 CEST 2026
/home/ts/software/freesurfer/freesurfer7.4.1/bin/mpr2mni305 talsrcimg
mpr2mni305 7.4.1
target=711-2C_as_mni_average_305

---------------------------------------------------------------------
analyzeto4dfp talsrcimg -O0 -y
---------------------------------------------------------------------

freesurfer ifh2hdr.c
Fri Sep  4 10:55:39 2026
Writing: talsrcimg.4dfp.hdr
freesurfer analyzeto4dfp.c
Reading: talsrcimg.hdr
header size 348 bytes
hdr.dime.datatype	offset=70	value=2
hdr.dime.bitpix		offset=72	value=8
hdr.hist.orient		offset=252	value=-1
dimensionality     4
dimensions       256       256       256         1
Reading: talsrcimg.img
Writing: talsrcimg.4dfp.img
Writing: talsrcimg.4dfp.ifh
ifh2hdr talsrcimg -r0to255
ori=2

---------------------------------------------------------------------
gauss_4dfp talsrcimg 1.1
---------------------------------------------------------------------

freesurfer gauss_4dfp.c
Reading: talsrcimg.4dfp.img
Writing: talsrcimg_g11.4dfp.img
image dimensions 256 256 256 padded to 288 288 288
processing volume 1freesurfer ifh2hdr.c
Fri Sep  4 10:55:40 2026
Writing: talsrcimg_g11.4dfp.hdr

Writing: talsrcimg_g11.4dfp.ifh
including: talsrcimg.4dfp.img.rec in talsrcimg_g11.4dfp.img.rec

---------------------------------------------------------------------
imgreg_4dfp /home/ts/software/freesurfer/freesurfer7.4.1/average/711-2C_as_mni_average_305 none talsrcimg_g11 none talsrcimg_to_711-2C_as_mni_average_305_t4 4355
---------------------------------------------------------------------

freesurfer imgreg_4dfp.c
/home/ts/software/freesurfer/freesurfer7.4.1/average/711-2C_as_mni_average_305.4dfp.img
       256       256       256         1
  1.000000  1.000000  1.000000
orientation T byte_order littleendian
Reading image: /home/ts/software/freesurfer/freesurfer7.4.1/average/711-2C_as_mni_average_305.4dfp.img
dimensions:      256       256       256
mmppix:       1.0000   -1.0000   -1.0000
center:     128.0000 -129.0000 -129.0000
talsrcimg_g11.4dfp.img
       256       256       256         1
  1.000000  1.000000  1.000000
orientation T byte_order littleendian
Reading image: talsrcimg_g11.4dfp.img
dimensions:      256       256       256
mmppix:       1.0000   -1.0000   -1.0000
center:     128.0000 -129.0000 -129.0000
t4_read: open error in t4_sub.f l:  41 t4_file(1:l)talsrcimg_to_711-2C_as_mni_average_305_t4 
t4_read: transform initialized to I4
rotation matrix determinant  1.000000
image alignment mode   4355 decimal     1103 hex
   -7.5000  -45.0000  -45.0000 9325.1133    9.4445
    0.0000  -45.0000  -45.0000 9733.7529    9.4476
    7.5000  -45.0000  -45.0000 9389.9023    9.4289
   -7.5000  -37.5000  -45.0000 9574.2139    9.2966
    0.0000  -37.5000  -45.0000 9996.7148    9.3019
    7.5000  -37.5000  -45.0000 9648.8223    9.2837
   -7.5000  -30.0000  -45.000010180.7588    9.0410
    0.0000  -30.0000  -45.000010633.9014    9.0416
    7.5000  -30.0000  -45.000010254.3555    9.0239
   -7.5000  -22.5000  -45.000010839.1836    8.8698
    0.0000  -22.5000  -45.000011340.2861    8.8674
    7.5000  -22.5000  -45.000010902.7930    8.8479
   -7.5000  -15.0000  -45.000011506.3721    8.7405
    0.0000  -15.0000  -45.000012042.6533    8.7399
    7.5000  -15.0000  -45.000011570.6455    8.7205
   -7.5000   -7.5000  -45.000012127.5742    8.6452
    0.0000   -7.5000  -45.000012706.0195    8.6471
    7.5000   -7.5000  -45.000012189.9824    8.6284
   -7.5000    0.0000  -45.000012743.5146    8.6318
    0.0000    0.0000  -45.000013342.3926    8.6353
    7.5000    0.0000  -45.000012801.7363    8.6174
   -7.5000    7.5000  -45.000012401.2607    8.7545
    0.0000    7.5000  -45.000013009.6182    8.7571
    7.5000    7.5000  -45.000012460.7148    8.7402
   -7.5000   15.0000  -45.000011972.4199    8.8980
    0.0000   15.0000  -45.000012611.0977    8.8978
    7.5000   15.0000  -45.000012029.4473    8.8796
   -7.5000   22.5000  -45.000011483.7686    9.0519
    0.0000   22.5000  -45.000012085.8691    9.0497
    7.5000   22.5000  -45.000011500.4844    9.0302
   -7.5000   30.0000  -45.000010920.6533    9.1134
    0.0000   30.0000  -45.000011487.1494    9.1118
    7.5000   30.0000  -45.000010911.1953    9.0927
   -7.5000   37.5000  -45.000010724.3066    9.3209
    0.0000   37.5000  -45.000011289.7588    9.3219
    7.5000   37.5000  -45.000010698.9482    9.3038
   -7.5000   45.0000  -45.000010164.8525    9.3361
    0.0000   45.0000  -45.000010700.3359    9.3400
    7.5000   45.0000  -45.000010139.0068    9.3239
   -7.5000  -45.0000  -37.5000 9699.3213    9.3552
    0.0000  -45.0000  -37.500010106.5771    9.3543
    7.5000  -45.0000  -37.5000 9760.3359    9.3356
   -7.5000  -37.5000  -37.5000 9952.8662    9.2109
    0.0000  -37.5000  -37.500010376.9541    9.2135
    7.5000  -37.5000  -37.500010026.5605    9.1937
   -7.5000  -30.0000  -37.500010608.0762    8.9596
    0.0000  -30.0000  -37.500011070.8047    8.9586
    7.5000  -30.0000  -37.500010664.5088    8.9394
   -7.5000  -22.5000  -37.500011325.2285    8.7898
    0.0000  -22.5000  -37.500011819.3467    8.7855
    7.5000  -22.5000  -37.500011356.5684    8.7657
   -7.5000  -15.0000  -37.500012059.7295    8.6619
    0.0000  -15.0000  -37.500012583.3047    8.6582
    7.5000  -15.0000  -37.500012086.9932    8.6390
   -7.5000   -7.5000  -37.500012729.7715    8.5689
    0.0000   -7.5000  -37.500013317.7256    8.5672
    7.5000   -7.5000  -37.500012774.4678    8.5489
   -7.5000    0.0000  -37.500013364.5947    8.5568
    0.0000    0.0000  -37.500013990.0254    8.5572
    7.5000    0.0000  -37.500013417.4355    8.5389
   -7.5000    7.5000  -37.500013018.3223    8.6780
    0.0000    7.5000  -37.500013639.8398    8.6785
    7.5000    7.5000  -37.500013063.4268    8.6605
   -7.5000   15.0000  -37.500012605.0889    8.8203
    0.0000   15.0000  -37.500013232.1084    8.8181
    7.5000   15.0000  -37.500012636.3643    8.7987
   -7.5000   22.5000  -37.500012089.6885    8.9705
    0.0000   22.5000  -37.500012704.8271    8.9659
    7.5000   22.5000  -37.500012083.8867    8.9456
   -7.5000   30.0000  -37.500011469.3408    9.0295
    0.0000   30.0000  -37.500012053.2939    9.0242
    7.5000   30.0000  -37.500011442.2246    9.0049
   -7.5000   37.5000  -37.500011235.4814    9.2350
    0.0000   37.5000  -37.500011809.3184    9.2316
    7.5000   37.5000  -37.500011193.3213    9.2130
   -7.5000   45.0000  -37.500010641.4658    9.2528
    0.0000   45.0000  -37.500011200.5195    9.2520
    7.5000   45.0000  -37.500010607.6699    9.2338
   -7.5000  -45.0000  -30.000010240.1836    9.6569
    0.0000  -45.0000  -30.000010670.4600    9.6554
    7.5000  -45.0000  -30.000010290.7588    9.6394
   -7.5000  -37.5000  -30.000010520.7979    9.5103
    0.0000  -37.5000  -30.000010964.1348    9.5121
    7.5000  -37.5000  -30.000010572.6182    9.4935
   -7.5000  -30.0000  -30.000011231.2295    9.2545
    0.0000  -30.0000  -30.000011702.9688    9.2533
    7.5000  -30.0000  -30.000011255.4473    9.2348
   -7.5000  -22.5000  -30.000011996.5723    9.0786
    0.0000  -22.5000  -30.000012528.9814    9.0751
    7.5000  -22.5000  -30.000012025.7676    9.0565
   -7.5000  -15.0000  -30.000012789.6279    8.9452
    0.0000  -15.0000  -30.000013354.5205    8.9426
    7.5000  -15.0000  -30.000012817.1123    8.9256
   -7.5000   -7.5000  -30.000013532.9619    8.8496
    0.0000   -7.5000  -30.000014145.2012    8.8482
    7.5000   -7.5000  -30.000013565.9951    8.8325
   -7.5000    0.0000  -30.000014201.1279    8.8383
    0.0000    0.0000  -30.000014859.2969    8.8381
    7.5000    0.0000  -30.000014235.4102    8.8218
   -7.5000    7.5000  -30.000013838.8730    8.9650
    0.0000    7.5000  -30.000014495.9873    8.9646
    7.5000    7.5000  -30.000013857.8623    8.9477
   -7.5000   15.0000  -30.000013444.8896    9.1141
    0.0000   15.0000  -30.000014084.1836    9.1115
    7.5000   15.0000  -30.000013451.5098    9.0928
   -7.5000   22.5000  -30.000012926.0957    9.2681
    0.0000   22.5000  -30.000013563.2256    9.2639
    7.5000   22.5000  -30.000012879.4941    9.2448
   -7.5000   30.0000  -30.000012244.0615    9.3296
    0.0000   30.0000  -30.000012813.3838    9.3250
    7.5000   30.0000  -30.000012171.1895    9.3077
   -7.5000   37.5000  -30.000011972.4141    9.5409
    0.0000   37.5000  -30.000012509.5332    9.5374
    7.5000   37.5000  -30.000011891.7861    9.5209
   -7.5000   45.0000  -30.000011326.7861    9.5688
    0.0000   45.0000  -30.000011877.2158    9.5665
    7.5000   45.0000  -30.000011265.9736    9.5489
   -7.5000  -45.0000  -22.500010760.2217    9.9222
    0.0000  -45.0000  -22.500011227.0986    9.9263
    7.5000  -45.0000  -22.500010804.6826    9.9164
   -7.5000  -37.5000  -22.500011074.8828    9.7715
    0.0000  -37.5000  -22.500011551.2627    9.7771
    7.5000  -37.5000  -22.500011116.8926    9.7653
   -7.5000  -30.0000  -22.500011851.9688    9.5112
    0.0000  -30.0000  -22.500012355.2686    9.5129
    7.5000  -30.0000  -22.500011868.2422    9.5007
   -7.5000  -22.5000  -22.500012684.8857    9.3320
    0.0000  -22.5000  -22.500013251.3281    9.3324
    7.5000  -22.5000  -22.500012714.3145    9.3194
   -7.5000  -15.0000  -22.500013527.4229    9.1953
    0.0000  -15.0000  -22.500014132.7432    9.1980
    7.5000  -15.0000  -22.500013557.0361    9.1861
   -7.5000   -7.5000  -22.500014316.3193    9.0968
    0.0000   -7.5000  -22.500014958.2373    9.1009
    7.5000   -7.5000  -22.500014345.9082    9.0900
   -7.5000    0.0000  -22.500015033.2861    9.0845
    0.0000    0.0000  -22.500015711.0586    9.0887
    7.5000    0.0000  -22.500015050.6377    9.0776
   -7.5000    7.5000  -22.500014665.0430    9.2151
    0.0000    7.5000  -22.500015325.1953    9.2177
    7.5000    7.5000  -22.500014662.0244    9.2064
   -7.5000   15.0000  -22.500014267.4541    9.3694
    0.0000   15.0000  -22.500014914.6348    9.3699
    7.5000   15.0000  -22.500014239.9111    9.3573
   -7.5000   22.5000  -22.500013742.7705    9.5305
    0.0000   22.5000  -22.500014408.6572    9.5307
    7.5000   22.5000  -22.500013672.0859    9.5175
   -7.5000   30.0000  -22.500013034.4082    9.5981
    0.0000   30.0000  -22.500013613.8428    9.5994
    7.5000   30.0000  -22.500012940.4834    9.5878
   -7.5000   37.5000  -22.500012694.0400    9.8151
    0.0000   37.5000  -22.500013211.0527    9.8176
    7.5000   37.5000  -22.500012598.7861    9.8067
   -7.5000   45.0000  -22.500011995.2090    9.8501
    0.0000   45.0000  -22.500012510.1807    9.8529
    7.5000   45.0000  -22.500011921.2275    9.8413
   -7.5000  -45.0000  -15.000011309.1309   10.1138
    0.0000  -45.0000  -15.000011818.8311   10.1235
    7.5000  -45.0000  -15.000011366.8945   10.1169
   -7.5000  -37.5000  -15.000011653.2334    9.9618
    0.0000  -37.5000  -15.000012180.6758    9.9719
    7.5000  -37.5000  -15.000011697.6865    9.9650
   -7.5000  -30.0000  -15.000012461.9355    9.6976
    0.0000  -30.0000  -15.000013016.2891    9.7026
    7.5000  -30.0000  -15.000012487.6289    9.6949
   -7.5000  -22.5000  -15.000013330.7021    9.5171
    0.0000  -22.5000  -15.000013947.5439    9.5211
    7.5000  -22.5000  -15.000013365.9463    9.5109
   -7.5000  -15.0000  -15.000014221.8486    9.3785
    0.0000  -15.0000  -15.000014896.2959    9.3858
    7.5000  -15.0000  -15.000014261.1885    9.3757
   -7.5000   -7.5000  -15.000015055.7012    9.2769
    0.0000   -7.5000  -15.000015774.0605    9.2858
    7.5000   -7.5000  -15.000015088.2139    9.2767
   -7.5000    0.0000  -15.000015827.2480    9.2626
    0.0000    0.0000  -15.000016575.0898    9.2712
    7.5000    0.0000  -15.000015828.9727    9.2631
   -7.5000    7.5000  -15.000015468.5049    9.3965
    0.0000    7.5000  -15.000016154.5996    9.4027
    7.5000    7.5000  -15.000015427.4658    9.3955
   -7.5000   15.0000  -15.000015068.6221    9.5555
    0.0000   15.0000  -15.000015726.7158    9.5596
    7.5000   15.0000  -15.000015001.9658    9.5511
   -7.5000   22.5000  -15.000014572.4141    9.7239
    0.0000   22.5000  -15.000015295.2627    9.7283
    7.5000   22.5000  -15.000014483.8330    9.7183
   -7.5000   30.0000  -15.000013894.0537    9.7984
    0.0000   30.0000  -15.000014573.0566    9.8048
    7.5000   30.0000  -15.000013803.7461    9.7953
   -7.5000   37.5000  -15.000013567.1914   10.0207
    0.0000   37.5000  -15.000014155.1602   10.0287
    7.5000   37.5000  -15.000013450.5752   10.0206
   -7.5000   45.0000  -15.000012756.2256   10.0594
    0.0000   45.0000  -15.000013327.0732   10.0681
    7.5000   45.0000  -15.000012640.2373   10.0616
   -7.5000  -45.0000   -7.500011869.1719   10.2016
    0.0000  -45.0000   -7.500012428.8545   10.2115
    7.5000  -45.0000   -7.500011956.8525   10.2010
   -7.5000  -37.5000   -7.500012238.3389   10.0523
    0.0000  -37.5000   -7.500012822.8379   10.0631
    7.5000  -37.5000   -7.500012327.1719   10.0535
   -7.5000  -30.0000   -7.500013098.9082    9.7842
    0.0000  -30.0000   -7.500013720.6826    9.7897
    7.5000  -30.0000   -7.500013189.0879    9.7795
   -7.5000  -22.5000   -7.500014036.4541    9.6029
    0.0000  -22.5000   -7.500014708.6396    9.6063
    7.5000  -22.5000   -7.500014111.9902    9.5932
   -7.5000  -15.0000   -7.500014976.0479    9.4639
    0.0000  -15.0000   -7.500015709.3311    9.4702
    7.5000  -15.0000   -7.500015054.9150    9.4566
   -7.5000   -7.5000   -7.500015861.8467    9.3607
    0.0000   -7.5000   -7.500016609.6680    9.3691
    7.5000   -7.5000   -7.500015917.2500    9.3565
   -7.5000    0.0000   -7.500016689.3574    9.3454
    0.0000    0.0000   -7.500017512.4902    9.3543
    7.5000    0.0000   -7.500016721.0410    9.3432
   -7.5000    7.5000   -7.500016304.3281    9.4816
    0.0000    7.5000   -7.500017111.4570    9.4887
    7.5000    7.5000   -7.500016284.3564    9.4791
   -7.5000   15.0000   -7.500015867.0684    9.6433
    0.0000   15.0000   -7.500016705.5840    9.6479
    7.5000   15.0000   -7.500015821.8760    9.6369
   -7.5000   22.5000   -7.500015376.9180    9.8145
    0.0000   22.5000   -7.500016355.9678    9.8186
    7.5000   22.5000   -7.500015313.1816    9.8055
   -7.5000   30.0000   -7.500014731.5254    9.8937
    0.0000   30.0000   -7.500015777.4521    9.8992
    7.5000   30.0000   -7.500014687.3066    9.8862
   -7.5000   37.5000   -7.500014427.1484   10.1214
    0.0000   37.5000   -7.500015450.5693   10.1293
    7.5000   37.5000   -7.500014394.9590   10.1180
   -7.5000   45.0000   -7.500013542.5508   10.1618
    0.0000   45.0000   -7.500014433.9092   10.1718
    7.5000   45.0000   -7.500013472.2803   10.1636
   -7.5000  -45.0000    0.000012385.0098   10.1967
    0.0000  -45.0000    0.000013003.7402   10.2019
    7.5000  -45.0000    0.000012494.8428   10.1849
   -7.5000  -37.5000    0.000012746.9619   10.0518
    0.0000  -37.5000    0.000013358.4727   10.0595
    7.5000  -37.5000    0.000012862.2803   10.0429
   -7.5000  -30.0000    0.000013644.9141    9.7820
    0.0000  -30.0000    0.000014318.8848    9.7849
    7.5000  -30.0000    0.000013769.7139    9.7686
   -7.5000  -22.5000    0.000014646.1963    9.6002
    0.0000  -22.5000    0.000015385.9531    9.5997
    7.5000  -22.5000    0.000014771.4697    9.5814
   -7.5000  -15.0000    0.000015631.7109    9.4613
    0.0000  -15.0000    0.000016474.8789    9.4624
    7.5000  -15.0000    0.000015770.7334    9.4441
   -7.5000   -7.5000    0.000016598.6777    9.3583
    0.0000   -7.5000    0.000017499.7363    9.3619
    7.5000   -7.5000    0.000016694.9258    9.3443
   -7.5000    0.0000    0.000017470.3535    9.3432
    0.0000    0.0000    0.000018501.7656    9.3486
    7.5000    0.0000    0.000017568.0449    9.3318
   -7.5000    7.5000    0.000017090.3184    9.4807
    0.0000    7.5000    0.000018099.5488    9.4854
    7.5000    7.5000    0.000017119.2793    9.4698
   -7.5000   15.0000    0.000016611.2676    9.6433
    0.0000   15.0000    0.000017589.5801    9.6452
    7.5000   15.0000    0.000016554.1777    9.6283
   -7.5000   22.5000    0.000016045.7715    9.8147
    0.0000   22.5000    0.000017050.6289    9.8144
    7.5000   22.5000    0.000015959.9590    9.7958
   -7.5000   30.0000    0.000015364.5400    9.8952
    0.0000   30.0000    0.000016454.5137    9.8950
    7.5000   30.0000    0.000015295.5410    9.8769
   -7.5000   37.5000    0.000015062.2686   10.1263
    0.0000   37.5000    0.000016192.9316   10.1288
    7.5000   37.5000    0.000015018.9805   10.1119
   -7.5000   45.0000    0.000014100.9795   10.1688
    0.0000   45.0000    0.000015077.8193   10.1744
    7.5000   45.0000    0.000014100.6055   10.1599
   -7.5000  -45.0000    7.500011991.6240   10.2137
    0.0000  -45.0000    7.500012567.0664   10.2137
    7.5000  -45.0000    7.500012083.5859   10.1942
   -7.5000  -37.5000    7.500012315.6318   10.0675
    0.0000  -37.5000    7.500012887.1504   10.0713
    7.5000  -37.5000    7.500012421.7402   10.0505
   -7.5000  -30.0000    7.500013168.4834    9.7973
    0.0000  -30.0000    7.500013845.7139    9.7974
    7.5000  -30.0000    7.500013307.5508    9.7771
   -7.5000  -22.5000    7.500014132.6904    9.6135
    0.0000  -22.5000    7.500014925.1729    9.6101
    7.5000  -22.5000    7.500014303.5059    9.5891
   -7.5000  -15.0000    7.500015114.0576    9.4739
    0.0000  -15.0000    7.500015988.2158    9.4710
    7.5000  -15.0000    7.500015295.6748    9.4508
   -7.5000   -7.5000    7.500016024.3066    9.3719
    0.0000   -7.5000    7.500016925.5156    9.3710
    7.5000   -7.5000    7.500016187.3955    9.3518
   -7.5000    0.0000    7.500016832.4453    9.3582
    0.0000    0.0000    7.500017824.7227    9.3593
    7.5000    0.0000    7.500016995.1523    9.3402
   -7.5000    7.5000    7.500016462.6836    9.4951
    0.0000    7.5000    7.500017466.7715    9.4966
    7.5000    7.5000    7.500016556.7988    9.4776
   -7.5000   15.0000    7.500015975.9834    9.6571
    0.0000   15.0000    7.500016930.2168    9.6559
    7.5000   15.0000    7.500015992.6113    9.6353
   -7.5000   22.5000    7.500015428.2412    9.8248
    0.0000   22.5000    7.500016391.3047    9.8209
    7.5000   22.5000    7.500015383.1338    9.7994
   -7.5000   30.0000    7.500014752.9482    9.9023
    0.0000   30.0000    7.500015773.7900    9.8975
    7.5000   30.0000    7.500014695.0342    9.8772
   -7.5000   37.5000    7.500014384.0195   10.1331
    0.0000   37.5000    7.500015319.8027   10.1302
    7.5000   37.5000    7.500014375.0303   10.1107
   -7.5000   45.0000    7.500013403.1221   10.1782
    0.0000   45.0000    7.500014156.6748   10.1779
    7.5000   45.0000    7.500013437.8154   10.1588
   -7.5000  -45.0000   15.000011546.6240   10.2999
    0.0000  -45.0000   15.000012074.7842   10.2995
    7.5000  -45.0000   15.000011627.6621   10.2833
   -7.5000  -37.5000   15.000011825.6836   10.1473
    0.0000  -37.5000   15.000012351.2090   10.1504
    7.5000  -37.5000   15.000011920.4258   10.1316
   -7.5000  -30.0000   15.000012636.4365    9.8746
    0.0000  -30.0000   15.000013227.3555    9.8746
    7.5000  -30.0000   15.000012769.7803    9.8560
   -7.5000  -22.5000   15.000013555.7109    9.6872
    0.0000  -22.5000   15.000014212.0566    9.6848
    7.5000  -22.5000   15.000013729.0244    9.6661
   -7.5000  -15.0000   15.000014485.2461    9.5452
    0.0000  -15.0000   15.000015192.2354    9.5437
    7.5000  -15.0000   15.000014666.6025    9.5264
   -7.5000   -7.5000   15.000015333.4619    9.4433
    0.0000   -7.5000   15.000016067.2891    9.4429
    7.5000   -7.5000   15.000015491.8076    9.4269
   -7.5000    0.0000   15.000016089.4307    9.4309
    0.0000    0.0000   15.000016911.9922    9.4317
    7.5000    0.0000   15.000016230.0488    9.4151
   -7.5000    7.5000   15.000015705.4482    9.5679
    0.0000    7.5000   15.000016560.1934    9.5686
    7.5000    7.5000   15.000015797.2832    9.5515
   -7.5000   15.0000   15.000015219.9043    9.7298
    0.0000   15.0000   15.000016073.5752    9.7284
    7.5000   15.0000   15.000015248.6641    9.7095
   -7.5000   22.5000   15.000014637.5166    9.8960
    0.0000   22.5000   15.000015522.1748    9.8929
    7.5000   22.5000   15.000014651.2354    9.8735
   -7.5000   30.0000   15.000013949.6807    9.9717
    0.0000   30.0000   15.000014841.8174    9.9679
    7.5000   30.0000   15.000013972.3936    9.9503
   -7.5000   37.5000   15.000013580.6650   10.2030
    0.0000   37.5000   15.000014353.6641   10.2002
    7.5000   37.5000   15.000013618.2012   10.1833
   -7.5000   45.0000   15.000012720.8809   10.2522
    0.0000   45.0000   15.000013349.2432   10.2506
    7.5000   45.0000   15.000012750.9326   10.2325
   -7.5000  -45.0000   22.500011059.8828   10.4179
    0.0000  -45.0000   22.500011511.1816   10.4230
    7.5000  -45.0000   22.500011104.5498   10.4137
   -7.5000  -37.5000   22.500011311.4219   10.2571
    0.0000  -37.5000   22.500011746.5908   10.2638
    7.5000  -37.5000   22.500011351.0723   10.2524
   -7.5000  -30.0000   22.500012040.7236    9.9815
    0.0000  -30.0000   22.500012497.3652    9.9841
    7.5000  -30.0000   22.500012096.3477    9.9722
   -7.5000  -22.5000   22.500012884.9316    9.7917
    0.0000  -22.5000   22.500013402.6572    9.7930
    7.5000  -22.5000   22.500012989.3271    9.7803
   -7.5000  -15.0000   22.500013761.9561    9.6471
    0.0000  -15.0000   22.500014333.4854    9.6508
    7.5000  -15.0000   22.500013871.1641    9.6392
   -7.5000   -7.5000   22.500014523.6689    9.5431
    0.0000   -7.5000   22.500015122.9277    9.5481
    7.5000   -7.5000   22.500014606.7119    9.5376
   -7.5000    0.0000   22.500015184.7510    9.5302
    0.0000    0.0000   22.500015861.4004    9.5354
    7.5000    0.0000   22.500015269.4570    9.5246
   -7.5000    7.5000   22.500014792.2148    9.6678
    0.0000    7.5000   22.500015492.7617    9.6712
    7.5000    7.5000   22.500014835.4697    9.6602
   -7.5000   15.0000   22.500014292.6104    9.8305
    0.0000   15.0000   22.500015001.4951    9.8318
    7.5000   15.0000   22.500014318.4072    9.8193
   -7.5000   22.5000   22.500013741.2412    9.9991
    0.0000   22.5000   22.500014473.5371   10.0001
    7.5000   22.5000   22.500013754.2412    9.9869
   -7.5000   30.0000   22.500013050.0801   10.0751
    0.0000   30.0000   22.500013780.0879   10.0770
    7.5000   30.0000   22.500013081.0625   10.0655
   -7.5000   37.5000   22.500012688.0967   10.3067
    0.0000   37.5000   22.500013342.0186   10.3097
    7.5000   37.5000   22.500012728.1904   10.2991
   -7.5000   45.0000   22.500011927.5645   10.3573
    0.0000   45.0000   22.500012500.9648   10.3606
    7.5000   45.0000   22.500011958.6963   10.3491
   -7.5000  -45.0000   30.000010470.6064   10.5833
    0.0000  -45.0000   30.000010930.4707   10.5947
    7.5000  -45.0000   30.000010519.0449   10.5902
   -7.5000  -37.5000   30.000010689.0459   10.4214
    0.0000  -37.5000   30.000011113.5596   10.4330
    7.5000  -37.5000   30.000010717.2520   10.4281
   -7.5000  -30.0000   30.000011348.8994   10.1398
    0.0000  -30.0000   30.000011770.2598   10.1458
    7.5000  -30.0000   30.000011373.3018   10.1399
   -7.5000  -22.5000   30.000012100.4717    9.9466
    0.0000  -22.5000   30.000012575.5693    9.9515
    7.5000  -22.5000   30.000012168.1406    9.9430
   -7.5000  -15.0000   30.000012881.4111    9.7980
    0.0000  -15.0000   30.000013388.0615    9.8066
    7.5000  -15.0000   30.000012952.1719    9.7981
   -7.5000   -7.5000   30.000013550.4434    9.6897
    0.0000   -7.5000   30.000014100.3145    9.7000
    7.5000   -7.5000   30.000013608.7744    9.6926
   -7.5000    0.0000   30.000014154.3350    9.6754
    0.0000    0.0000   30.000014742.2100    9.6855
    7.5000    0.0000   30.000014201.3281    9.6790
   -7.5000    7.5000   30.000013753.0684    9.8155
    0.0000    7.5000   30.000014347.0508    9.8228
    7.5000    7.5000   30.000013762.8555    9.8172
   -7.5000   15.0000   30.000013268.0684    9.9808
    0.0000   15.0000   30.000013881.1602    9.9857
    7.5000   15.0000   30.000013277.2930    9.9789
   -7.5000   22.5000   30.000012742.4287   10.1539
    0.0000   22.5000   30.000013388.7031   10.1592
    7.5000   22.5000   30.000012741.1250   10.1507
   -7.5000   30.0000   30.000012092.3037   10.2319
    0.0000   30.0000   30.000012698.3457   10.2393
    7.5000   30.0000   30.000012088.0117   10.2315
   -7.5000   37.5000   30.000011760.3721   10.4664
    0.0000   37.5000   30.000012314.0889   10.4757
    7.5000   37.5000   30.000011766.8340   10.4693
   -7.5000   45.0000   30.000011058.0186   10.5172
    0.0000   45.0000   30.000011550.5557   10.5272
    7.5000   45.0000   30.000011054.3711   10.5224
   -7.5000  -45.0000   37.500010250.3721   10.7978
    0.0000  -45.0000   37.500010729.8877   10.8104
    7.5000  -45.0000   37.500010310.4648   10.8011
   -7.5000  -37.5000   37.500010467.7422   10.6353
    0.0000  -37.5000   37.500010890.3857   10.6485
    7.5000  -37.5000   37.500010485.9219   10.6395
   -7.5000  -30.0000   37.500011080.6670   10.3485
    0.0000  -30.0000   37.500011498.0186   10.3558
    7.5000  -30.0000   37.500011104.6973   10.3463
   -7.5000  -22.5000   37.500011784.7812   10.1522
    0.0000  -22.5000   37.500012246.5752   10.1579
    7.5000  -22.5000   37.500011835.3223   10.1452
   -7.5000  -15.0000   37.500012498.8350   10.0008
    0.0000  -15.0000   37.500013000.9766   10.0098
    7.5000  -15.0000   37.500012552.9424    9.9968
   -7.5000   -7.5000   37.500013123.8916    9.8874
    0.0000   -7.5000   37.500013662.3984    9.8984
    7.5000   -7.5000   37.500013159.0840    9.8864
   -7.5000    0.0000   37.500013685.7129    9.8700
    0.0000    0.0000   37.500014250.1807    9.8812
    7.5000    0.0000   37.500013713.9893    9.8706
   -7.5000    7.5000   37.500013238.4346   10.0129
    0.0000    7.5000   37.500013795.3311   10.0218
    7.5000    7.5000   37.500013261.9229   10.0126
   -7.5000   15.0000   37.500012760.9219   10.1833
    0.0000   15.0000   37.500013315.3721   10.1897
    7.5000   15.0000   37.500012762.1406   10.1791
   -7.5000   22.5000   37.500012228.0547   10.3651
    0.0000   22.5000   37.500012807.7070   10.3714
    7.5000   22.5000   37.500012216.9219   10.3586
   -7.5000   30.0000   37.500011590.5010   10.4514
    0.0000   30.0000   37.500012133.5850   10.4595
    7.5000   30.0000   37.500011568.2432   10.4470
   -7.5000   37.5000   37.500011274.5273   10.6968
    0.0000   37.5000   37.500011779.8936   10.7072
    7.5000   37.5000   37.500011249.1084   10.6963
   -7.5000   45.0000   37.500010580.2393   10.7499
    0.0000   45.0000   37.500011042.2861   10.7621
    7.5000   45.0000   37.500010562.2051   10.7544
   -7.5000  -45.0000   45.0000 9581.9736   11.0641
    0.0000  -45.0000   45.000010028.3799   11.0722
    7.5000  -45.0000   45.0000 9635.6553   11.0503
   -7.5000  -37.5000   45.0000 9764.3545   10.8998
    0.0000  -37.5000   45.000010193.4170   10.9104
    7.5000  -37.5000   45.0000 9787.3809   10.8884
   -7.5000  -30.0000   45.000010327.1123   10.6038
    0.0000  -30.0000   45.000010759.8516   10.6086
    7.5000  -30.0000   45.000010344.8496   10.5873
   -7.5000  -22.5000   45.000010963.1221   10.4037
    0.0000  -22.5000   45.000011417.9404   10.4050
    7.5000  -22.5000   45.000011003.6611   10.3819
   -7.5000  -15.0000   45.000011603.0146   10.2477
    0.0000  -15.0000   45.000012082.4600   10.2510
    7.5000  -15.0000   45.000011628.6201   10.2283
   -7.5000   -7.5000   45.000012153.2432   10.1297
    0.0000   -7.5000   45.000012653.6064   10.1359
    7.5000   -7.5000   45.000012158.5488   10.1140
   -7.5000    0.0000   45.000012649.2686   10.1115
    0.0000    0.0000   45.000013138.1074   10.1195
    7.5000    0.0000   45.000012646.4385   10.0981
   -7.5000    7.5000   45.000012214.8838   10.2584
    0.0000    7.5000   45.000012702.7100   10.2653
    7.5000    7.5000   45.000012214.9922   10.2449
   -7.5000   15.0000   45.000011734.1621   10.4333
    0.0000   15.0000   45.000012262.6689   10.4369
    7.5000   15.0000   45.000011742.0381   10.4150
   -7.5000   22.5000   45.000011218.1846   10.6209
    0.0000   22.5000   45.000011766.3311   10.6223
    7.5000   22.5000   45.000011218.8750   10.5986
   -7.5000   30.0000   45.000010614.4824   10.7127
    0.0000   30.0000   45.000011110.0068   10.7143
    7.5000   30.0000   45.000010599.0635   10.6912
   -7.5000   37.5000   45.000010314.0020   10.9716
    0.0000   37.5000   45.000010782.7500   10.9765
    7.5000   37.5000   45.000010292.5381   10.9544
   -7.5000   45.0000   45.0000 9670.4424   11.0386
    0.0000   45.0000   45.000010106.3926   11.0467
    7.5000   45.0000   45.0000 9662.6416   11.0267

---------------------------------------------------------------------
imgreg_4dfp /home/ts/software/freesurfer/freesurfer7.4.1/average/711-2C_as_mni_average_305 /home/ts/software/freesurfer/freesurfer7.4.1/average/711-2B_as_mni_average_305_mask talsrcimg_g11 none talsrcimg_to_711-2C_as_mni_average_305_t4 4355
---------------------------------------------------------------------

freesurfer imgreg_4dfp.c
/home/ts/software/freesurfer/freesurfer7.4.1/average/711-2C_as_mni_average_305.4dfp.img
       256       256       256         1
  1.000000  1.000000  1.000000
orientation T byte_order littleendian
Reading image: /home/ts/software/freesurfer/freesurfer7.4.1/average/711-2C_as_mni_average_305.4dfp.img
dimensions:      256       256       256
mmppix:       1.0000   -1.0000   -1.0000
center:     128.0000 -129.0000 -129.0000
/home/ts/software/freesurfer/freesurfer7.4.1/average/711-2B_as_mni_average_305_mask.4dfp.img
       256       256       256         1
  1.000000  1.000000  1.000000
orientation T byte_order littleendian
Reading mask: /home/ts/software/freesurfer/freesurfer7.4.1/average/711-2B_as_mni_average_305_mask.4dfp.img (2306576 pixels)
talsrcimg_g11.4dfp.img
       256       256       256         1
  1.000000  1.000000  1.000000
orientation T byte_order littleendian
Reading image: talsrcimg_g11.4dfp.img
dimensions:      256       256       256
mmppix:       1.0000   -1.0000   -1.0000
center:     128.0000 -129.0000 -129.0000
rotation matrix determinant  1.000000
image alignment mode   4355 decimal     1103 hex
   -7.5000  -45.0000  -45.0000 2375.1665   14.3479
    0.0000  -45.0000  -45.0000 2401.3755   14.2084
    7.5000  -45.0000  -45.0000 2383.5625   14.2206
   -7.5000  -37.5000  -45.0000 2385.5046   13.9754
    0.0000  -37.5000  -45.0000 2408.6938   13.8535
    7.5000  -37.5000  -45.0000 2397.3638   13.8756
   -7.5000  -30.0000  -45.0000 2403.7966   13.6525
    0.0000  -30.0000  -45.0000 2423.9197   13.5205
    7.5000  -30.0000  -45.0000 2417.1199   13.5155
   -7.5000  -22.5000  -45.0000 2438.6672   13.3239
    0.0000  -22.5000  -45.0000 2461.3223   13.2150
    7.5000  -22.5000  -45.0000 2453.7930   13.1889
   -7.5000  -15.0000  -45.0000 2475.5735   13.0079
    0.0000  -15.0000  -45.0000 2500.2803   12.9171
    7.5000  -15.0000  -45.0000 2492.6943   12.8712
   -7.5000   -7.5000  -45.0000 2510.9429   12.7420
    0.0000   -7.5000  -45.0000 2533.5916   12.6452
    7.5000   -7.5000  -45.0000 2524.8230   12.6107
   -7.5000    0.0000  -45.0000 2538.9893   12.5378
    0.0000    0.0000  -45.0000 2563.3184   12.4410
    7.5000    0.0000  -45.0000 2552.6851   12.4008
   -7.5000    7.5000  -45.0000 2554.3369   12.3816
    0.0000    7.5000  -45.0000 2584.1165   12.2583
    7.5000    7.5000  -45.0000 2576.9185   12.2423
   -7.5000   15.0000  -45.0000 2562.5994   12.2312
    0.0000   15.0000  -45.0000 2597.7688   12.1449
    7.5000   15.0000  -45.0000 2586.8806   12.0869
   -7.5000   22.5000  -45.0000 2574.2026   12.1121
    0.0000   22.5000  -45.0000 2602.4902   12.0246
    7.5000   22.5000  -45.0000 2588.9050   11.9562
   -7.5000   30.0000  -45.0000 2568.0552   12.0499
    0.0000   30.0000  -45.0000 2595.1758   11.9511
    7.5000   30.0000  -45.0000 2581.0417   11.9103
   -7.5000   37.5000  -45.0000 2558.5559   12.1101
    0.0000   37.5000  -45.0000 2586.0818   11.9882
    7.5000   37.5000  -45.0000 2575.0408   11.9804
   -7.5000   45.0000  -45.0000 2534.3650   12.4316
    0.0000   45.0000  -45.0000 2563.5103   12.3005
    7.5000   45.0000  -45.0000 2550.7800   12.2911
   -7.5000  -45.0000  -37.5000 2451.1750   13.4838
    0.0000  -45.0000  -37.5000 2474.5618   13.3348
    7.5000  -45.0000  -37.5000 2463.1516   13.3912
   -7.5000  -37.5000  -37.5000 2459.4595   13.0801
    0.0000  -37.5000  -37.5000 2480.5938   12.9503
    7.5000  -37.5000  -37.5000 2474.5828   12.9903
   -7.5000  -30.0000  -37.5000 2481.3291   12.7443
    0.0000  -30.0000  -37.5000 2503.5454   12.6219
    7.5000  -30.0000  -37.5000 2497.9629   12.6070
   -7.5000  -22.5000  -37.5000 2515.2383   12.4517
    0.0000  -22.5000  -37.5000 2540.9885   12.3315
    7.5000  -22.5000  -37.5000 2534.6589   12.3132
   -7.5000  -15.0000  -37.5000 2557.8904   12.1810
    0.0000  -15.0000  -37.5000 2581.5522   12.0464
    7.5000  -15.0000  -37.5000 2577.3057   12.0278
   -7.5000   -7.5000  -37.5000 2592.1113   11.9483
    0.0000   -7.5000  -37.5000 2621.3325   11.8092
    7.5000   -7.5000  -37.5000 2612.6943   11.7922
   -7.5000    0.0000  -37.5000 2613.7041   11.7242
    0.0000    0.0000  -37.5000 2644.5195   11.5981
    7.5000    0.0000  -37.5000 2637.9495   11.5940
   -7.5000    7.5000  -37.5000 2628.2710   11.5782
    0.0000    7.5000  -37.5000 2660.8621   11.4421
    7.5000    7.5000  -37.5000 2655.1750   11.4430
   -7.5000   15.0000  -37.5000 2639.7007   11.4374
    0.0000   15.0000  -37.5000 2677.1206   11.3221
    7.5000   15.0000  -37.5000 2669.2971   11.2944
   -7.5000   22.5000  -37.5000 2649.8679   11.3304
    0.0000   22.5000  -37.5000 2689.0562   11.2224
    7.5000   22.5000  -37.5000 2676.9165   11.1616
   -7.5000   30.0000  -37.5000 2648.9312   11.2728
    0.0000   30.0000  -37.5000 2681.0979   11.1722
    7.5000   30.0000  -37.5000 2670.0127   11.1418
   -7.5000   37.5000  -37.5000 2641.9070   11.3363
    0.0000   37.5000  -37.5000 2672.3936   11.2204
    7.5000   37.5000  -37.5000 2658.6626   11.2179
   -7.5000   45.0000  -37.5000 2620.2136   11.6275
    0.0000   45.0000  -37.5000 2652.7727   11.5067
    7.5000   45.0000  -37.5000 2639.5388   11.5004
   -7.5000  -45.0000  -30.0000 2580.8630   13.1908
    0.0000  -45.0000  -30.0000 2601.2910   13.0359
    7.5000  -45.0000  -30.0000 2588.4729   13.0844
   -7.5000  -37.5000  -30.0000 2587.4482   12.7999
    0.0000  -37.5000  -30.0000 2605.9182   12.6399
    7.5000  -37.5000  -30.0000 2599.9365   12.6612
   -7.5000  -30.0000  -30.0000 2603.5791   12.4392
    0.0000  -30.0000  -30.0000 2626.3203   12.3010
    7.5000  -30.0000  -30.0000 2620.8142   12.3031
   -7.5000  -22.5000  -30.0000 2630.3279   12.1420
    0.0000  -22.5000  -30.0000 2660.1975   11.9776
    7.5000  -22.5000  -30.0000 2652.3088   11.9845
   -7.5000  -15.0000  -30.0000 2668.0920   11.8608
    0.0000  -15.0000  -30.0000 2694.7842   11.6836
    7.5000  -15.0000  -30.0000 2693.9526   11.6879
   -7.5000   -7.5000  -30.0000 2706.7678   11.6311
    0.0000   -7.5000  -30.0000 2734.7139   11.4557
    7.5000   -7.5000  -30.0000 2732.6013   11.4528
   -7.5000    0.0000  -30.0000 2722.6824   11.4110
    0.0000    0.0000  -30.0000 2754.7922   11.2405
    7.5000    0.0000  -30.0000 2755.4260   11.2532
   -7.5000    7.5000  -30.0000 2741.6279   11.2412
    0.0000    7.5000  -30.0000 2774.0002   11.0845
    7.5000    7.5000  -30.0000 2773.9998   11.1030
   -7.5000   15.0000  -30.0000 2757.1309   11.1138
    0.0000   15.0000  -30.0000 2791.4980   10.9548
    7.5000   15.0000  -30.0000 2789.1826   10.9654
   -7.5000   22.5000  -30.0000 2770.6680   11.0363
    0.0000   22.5000  -30.0000 2807.7234   10.8693
    7.5000   22.5000  -30.0000 2803.7051   10.8707
   -7.5000   30.0000  -30.0000 2770.4116   10.9785
    0.0000   30.0000  -30.0000 2805.9089   10.8337
    7.5000   30.0000  -30.0000 2798.4434   10.8327
   -7.5000   37.5000  -30.0000 2771.3589   11.0207
    0.0000   37.5000  -30.0000 2800.9138   10.8664
    7.5000   37.5000  -30.0000 2789.5823   10.8933
   -7.5000   45.0000  -30.0000 2749.7810   11.3122
    0.0000   45.0000  -30.0000 2782.0122   11.1658
    7.5000   45.0000  -30.0000 2772.0325   11.1833
   -7.5000  -45.0000  -22.5000 2671.1455   12.7915
    0.0000  -45.0000  -22.5000 2693.5051   12.6545
    7.5000  -45.0000  -22.5000 2681.6094   12.6912
   -7.5000  -37.5000  -22.5000 2677.9287   12.4060
    0.0000  -37.5000  -22.5000 2698.5415   12.2650
    7.5000  -37.5000  -22.5000 2694.9136   12.2760
   -7.5000  -30.0000  -22.5000 2694.0676   12.0827
    0.0000  -30.0000  -22.5000 2716.5703   11.9303
    7.5000  -30.0000  -22.5000 2710.1589   11.9478
   -7.5000  -22.5000  -22.5000 2718.3159   11.7950
    0.0000  -22.5000  -22.5000 2744.7234   11.6193
    7.5000  -22.5000  -22.5000 2740.7896   11.6547
   -7.5000  -15.0000  -22.5000 2748.3145   11.5387
    0.0000  -15.0000  -22.5000 2772.3123   11.3417
    7.5000  -15.0000  -22.5000 2774.2629   11.3834
   -7.5000   -7.5000  -22.5000 2780.7090   11.3041
    0.0000   -7.5000  -22.5000 2807.5522   11.0824
    7.5000   -7.5000  -22.5000 2808.1499   11.1272
   -7.5000    0.0000  -22.5000 2792.8462   11.0794
    0.0000    0.0000  -22.5000 2824.3723   10.8555
    7.5000    0.0000  -22.5000 2825.5918   10.9127
   -7.5000    7.5000  -22.5000 2813.5662   10.9062
    0.0000    7.5000  -22.5000 2839.7668   10.6849
    7.5000    7.5000  -22.5000 2846.5168   10.7457
   -7.5000   15.0000  -22.5000 2834.7551   10.7816
    0.0000   15.0000  -22.5000 2860.4771   10.5851
    7.5000   15.0000  -22.5000 2864.7720   10.6470
   -7.5000   22.5000  -22.5000 2850.2688   10.7177
    0.0000   22.5000  -22.5000 2879.2493   10.5184
    7.5000   22.5000  -22.5000 2877.5950   10.5762
   -7.5000   30.0000  -22.5000 2852.2600   10.6907
    0.0000   30.0000  -22.5000 2887.6077   10.4894
    7.5000   30.0000  -22.5000 2881.7085   10.5500
   -7.5000   37.5000  -22.5000 2853.8347   10.7424
    0.0000   37.5000  -22.5000 2883.8320   10.5025
    7.5000   37.5000  -22.5000 2874.2036   10.6254
   -7.5000   45.0000  -22.5000 2843.4197   10.9873
    0.0000   45.0000  -22.5000 2868.9521   10.8109
    7.5000   45.0000  -22.5000 2861.9102   10.8903
   -7.5000  -45.0000  -15.0000 2730.2688   12.4322
    0.0000  -45.0000  -15.0000 2753.0037   12.3166
    7.5000  -45.0000  -15.0000 2744.7695   12.3615
   -7.5000  -37.5000  -15.0000 2735.2202   12.0627
    0.0000  -37.5000  -15.0000 2754.9783   11.9292
    7.5000  -37.5000  -15.0000 2753.6465   11.9650
   -7.5000  -30.0000  -15.0000 2745.9231   11.7475
    0.0000  -30.0000  -15.0000 2765.8311   11.5964
    7.5000  -30.0000  -15.0000 2760.8167   11.6032
   -7.5000  -22.5000  -15.0000 2764.2104   11.4516
    0.0000  -22.5000  -15.0000 2787.1382   11.3001
    7.5000  -22.5000  -15.0000 2782.8574   11.3215
   -7.5000  -15.0000  -15.0000 2785.9927   11.1926
    0.0000  -15.0000  -15.0000 2809.0532   11.0380
    7.5000  -15.0000  -15.0000 2809.5039   11.0671
   -7.5000   -7.5000  -15.0000 2810.4485   10.9625
    0.0000   -7.5000  -15.0000 2838.8530   10.7839
    7.5000   -7.5000  -15.0000 2837.5852   10.8386
   -7.5000    0.0000  -15.0000 2824.4629   10.7790
    0.0000    0.0000  -15.0000 2855.8813   10.5700
    7.5000    0.0000  -15.0000 2853.4250   10.6378
   -7.5000    7.5000  -15.0000 2843.1003   10.6183
    0.0000    7.5000  -15.0000 2864.7715   10.4294
    7.5000    7.5000  -15.0000 2873.1897   10.4765
   -7.5000   15.0000  -15.0000 2866.9421   10.5406
    0.0000   15.0000  -15.0000 2886.4761   10.3247
    7.5000   15.0000  -15.0000 2893.5339   10.3942
   -7.5000   22.5000  -15.0000 2888.8816   10.5220
    0.0000   22.5000  -15.0000 2908.0679   10.3195
    7.5000   22.5000  -15.0000 2914.6868   10.3744
   -7.5000   30.0000  -15.0000 2899.9968   10.5436
    0.0000   30.0000  -15.0000 2930.7583   10.3678
    7.5000   30.0000  -15.0000 2928.8667   10.4210
   -7.5000   37.5000  -15.0000 2908.3225   10.5958
    0.0000   37.5000  -15.0000 2942.2173   10.4155
    7.5000   37.5000  -15.0000 2926.0718   10.5068
   -7.5000   45.0000  -15.0000 2901.6277   10.7428
    0.0000   45.0000  -15.0000 2930.8398   10.5884
    7.5000   45.0000  -15.0000 2908.1694   10.6891
   -7.5000  -45.0000   -7.5000 2770.6870   12.0683
    0.0000  -45.0000   -7.5000 2797.0664   11.9627
    7.5000  -45.0000   -7.5000 2790.7615   12.0117
   -7.5000  -37.5000   -7.5000 2774.2209   11.7406
    0.0000  -37.5000   -7.5000 2799.0950   11.6203
    7.5000  -37.5000   -7.5000 2794.0144   11.6663
   -7.5000  -30.0000   -7.5000 2775.3477   11.4487
    0.0000  -30.0000   -7.5000 2798.4331   11.3098
    7.5000  -30.0000   -7.5000 2797.5674   11.3512
   -7.5000  -22.5000   -7.5000 2788.1216   11.1747
    0.0000  -22.5000   -7.5000 2816.4214   11.0139
    7.5000  -22.5000   -7.5000 2812.6355   11.0760
   -7.5000  -15.0000   -7.5000 2802.3230   10.9215
    0.0000  -15.0000   -7.5000 2830.7710   10.7426
    7.5000  -15.0000   -7.5000 2828.4316   10.8027
   -7.5000   -7.5000   -7.5000 2815.7405   10.7035
    0.0000   -7.5000   -7.5000 2841.7766   10.5092
    7.5000   -7.5000   -7.5000 2844.1472   10.5791
   -7.5000    0.0000   -7.5000 2827.0774   10.5291
    0.0000    0.0000   -7.5000 2853.8489   10.3364
    7.5000    0.0000   -7.5000 2855.5330   10.4180
   -7.5000    7.5000   -7.5000 2845.2141   10.4141
    0.0000    7.5000   -7.5000 2866.7854   10.2633
    7.5000    7.5000   -7.5000 2872.2419   10.3021
   -7.5000   15.0000   -7.5000 2869.8428   10.3518
    0.0000   15.0000   -7.5000 2893.9324   10.2284
    7.5000   15.0000   -7.5000 2891.9236   10.2496
   -7.5000   22.5000   -7.5000 2900.1348   10.3608
    0.0000   22.5000   -7.5000 2926.5249   10.2739
    7.5000   22.5000   -7.5000 2921.2905   10.2707
   -7.5000   30.0000   -7.5000 2922.9758   10.4385
    0.0000   30.0000   -7.5000 2962.1375   10.3861
    7.5000   30.0000   -7.5000 2952.8376   10.3678
   -7.5000   37.5000   -7.5000 2934.3350   10.4850
    0.0000   37.5000   -7.5000 2983.5359   10.4512
    7.5000   37.5000   -7.5000 2958.6904   10.4423
   -7.5000   45.0000   -7.5000 2929.8306   10.6167
    0.0000   45.0000   -7.5000 2966.1836   10.5483
    7.5000   45.0000   -7.5000 2941.3845   10.5874
   -7.5000  -45.0000    0.0000 2793.6987   11.8501
    0.0000  -45.0000    0.0000 2825.1128   11.7586
    7.5000  -45.0000    0.0000 2817.9944   11.8058
   -7.5000  -37.5000    0.0000 2793.4460   11.5087
    0.0000  -37.5000    0.0000 2819.6440   11.3763
    7.5000  -37.5000    0.0000 2817.3118   11.4423
   -7.5000  -30.0000    0.0000 2792.1863   11.2206
    0.0000  -30.0000    0.0000 2825.2336   11.0653
    7.5000  -30.0000    0.0000 2819.6235   11.1444
   -7.5000  -22.5000    0.0000 2803.5942   10.9694
    0.0000  -22.5000    0.0000 2839.2708   10.7981
    7.5000  -22.5000    0.0000 2831.9661   10.8886
   -7.5000  -15.0000    0.0000 2806.6421   10.7591
    0.0000  -15.0000    0.0000 2840.5208   10.5950
    7.5000  -15.0000    0.0000 2835.2703   10.6636
   -7.5000   -7.5000    0.0000 2811.7629   10.5986
    0.0000   -7.5000    0.0000 2833.8916   10.4485
    7.5000   -7.5000    0.0000 2835.0898   10.4942
   -7.5000    0.0000    0.0000 2813.7131   10.4695
    0.0000    0.0000    0.0000 2841.0293   10.3433
    7.5000    0.0000    0.0000 2838.0645   10.3697
   -7.5000    7.5000    0.0000 2828.1660   10.3568
    0.0000    7.5000    0.0000 2852.5012   10.2765
    7.5000    7.5000    0.0000 2854.1074   10.2849
   -7.5000   15.0000    0.0000 2856.8479   10.2947
    0.0000   15.0000    0.0000 2882.3093   10.2213
    7.5000   15.0000    0.0000 2875.3628   10.2454
   -7.5000   22.5000    0.0000 2896.1777   10.2931
    0.0000   22.5000    0.0000 2926.6458   10.2107
    7.5000   22.5000    0.0000 2916.4094   10.2397
   -7.5000   30.0000    0.0000 2933.3738   10.3783
    0.0000   30.0000    0.0000 2973.5913   10.3104
    7.5000   30.0000    0.0000 2958.8003   10.3215
   -7.5000   37.5000    0.0000 2953.4316   10.4450
    0.0000   37.5000    0.0000 3000.0610   10.4087
    7.5000   37.5000    0.0000 2971.6458   10.4133
   -7.5000   45.0000    0.0000 2940.4307   10.6114
    0.0000   45.0000    0.0000 2980.9475   10.5184
    7.5000   45.0000    0.0000 2956.2329   10.5843
   -7.5000  -45.0000    7.5000 2804.5293   11.6991
    0.0000  -45.0000    7.5000 2833.0491   11.5512
    7.5000  -45.0000    7.5000 2830.4924   11.6574
   -7.5000  -37.5000    7.5000 2797.8706   11.3493
    0.0000  -37.5000    7.5000 2824.4336   11.2020
    7.5000  -37.5000    7.5000 2823.8030   11.2950
   -7.5000  -30.0000    7.5000 2796.4165   11.0821
    0.0000  -30.0000    7.5000 2828.3689   10.9169
    7.5000  -30.0000    7.5000 2822.8491   11.0133
   -7.5000  -22.5000    7.5000 2805.1477   10.8841
    0.0000  -22.5000    7.5000 2840.9592   10.7319
    7.5000  -22.5000    7.5000 2832.5957   10.8291
   -7.5000  -15.0000    7.5000 2806.0693   10.7128
    0.0000  -15.0000    7.5000 2842.3469   10.5931
    7.5000  -15.0000    7.5000 2833.3979   10.6597
   -7.5000   -7.5000    7.5000 2804.5752   10.5553
    0.0000   -7.5000    7.5000 2829.9619   10.4350
    7.5000   -7.5000    7.5000 2826.6892   10.5032
   -7.5000    0.0000    7.5000 2801.0183   10.4456
    0.0000    0.0000    7.5000 2829.5100   10.3276
    7.5000    0.0000    7.5000 2824.9287   10.3899
   -7.5000    7.5000    7.5000 2815.1506   10.3554
    0.0000    7.5000    7.5000 2844.0044   10.2541
    7.5000    7.5000    7.5000 2836.6152   10.3000
   -7.5000   15.0000    7.5000 2843.5068   10.3028
    0.0000   15.0000    7.5000 2872.1924   10.2003
    7.5000   15.0000    7.5000 2860.4373   10.2522
   -7.5000   22.5000    7.5000 2884.3303   10.3118
    0.0000   22.5000    7.5000 2916.7371   10.1916
    7.5000   22.5000    7.5000 2900.0779   10.2545
   -7.5000   30.0000    7.5000 2924.1396   10.4201
    0.0000   30.0000    7.5000 2964.6306   10.3186
    7.5000   30.0000    7.5000 2941.7896   10.3504
   -7.5000   37.5000    7.5000 2944.5742   10.4812
    0.0000   37.5000    7.5000 2989.2307   10.3873
    7.5000   37.5000    7.5000 2959.5085   10.4605
   -7.5000   45.0000    7.5000 2928.1741   10.6348
    0.0000   45.0000    7.5000 2965.0081   10.4447
    7.5000   45.0000    7.5000 2940.5154   10.6436
   -7.5000  -45.0000   15.0000 2799.4290   11.6622
    0.0000  -45.0000   15.0000 2826.5793   11.4419
    7.5000  -45.0000   15.0000 2824.7141   11.5928
   -7.5000  -37.5000   15.0000 2791.5776   11.3255
    0.0000  -37.5000   15.0000 2814.3032   11.0933
    7.5000  -37.5000   15.0000 2815.1499   11.2500
   -7.5000  -30.0000   15.0000 2786.5884   11.1011
    0.0000  -30.0000   15.0000 2811.0176   10.8705
    7.5000  -30.0000   15.0000 2808.3315   11.0274
   -7.5000  -22.5000   15.0000 2794.8923   10.9295
    0.0000  -22.5000   15.0000 2821.9216   10.7246
    7.5000  -22.5000   15.0000 2814.0149   10.9042
   -7.5000  -15.0000   15.0000 2801.2900   10.7575
    0.0000  -15.0000   15.0000 2824.4619   10.5800
    7.5000  -15.0000   15.0000 2819.0271   10.7518
   -7.5000   -7.5000   15.0000 2799.3977   10.6375
    0.0000   -7.5000   15.0000 2815.5930   10.4782
    7.5000   -7.5000   15.0000 2815.6182   10.6368
   -7.5000    0.0000   15.0000 2796.5964   10.5596
    0.0000    0.0000   15.0000 2817.1760   10.4171
    7.5000    0.0000   15.0000 2811.8892   10.5503
   -7.5000    7.5000   15.0000 2810.8870   10.4666
    0.0000    7.5000   15.0000 2833.4395   10.3402
    7.5000    7.5000   15.0000 2821.6663   10.4352
   -7.5000   15.0000   15.0000 2830.3398   10.4118
    0.0000   15.0000   15.0000 2855.9321   10.2947
    7.5000   15.0000   15.0000 2844.8386   10.3927
   -7.5000   22.5000   15.0000 2864.1152   10.4510
    0.0000   22.5000   15.0000 2893.3660   10.3373
    7.5000   22.5000   15.0000 2876.9146   10.4256
   -7.5000   30.0000   15.0000 2894.9731   10.5542
    0.0000   30.0000   15.0000 2929.5930   10.4477
    7.5000   30.0000   15.0000 2910.0869   10.5437
   -7.5000   37.5000   15.0000 2911.2205   10.6441
    0.0000   37.5000   15.0000 2949.2185   10.5231
    7.5000   37.5000   15.0000 2917.1709   10.6780
   -7.5000   45.0000   15.0000 2897.1792   10.8783
    0.0000   45.0000   15.0000 2922.0801   10.6376
    7.5000   45.0000   15.0000 2898.5667   10.9255
   -7.5000  -45.0000   22.5000 2786.4272   11.8173
    0.0000  -45.0000   22.5000 2801.4583   11.5075
    7.5000  -45.0000   22.5000 2803.7581   11.6918
   -7.5000  -37.5000   22.5000 2781.2800   11.4850
    0.0000  -37.5000   22.5000 2795.4990   11.1697
    7.5000  -37.5000   22.5000 2796.0220   11.3763
   -7.5000  -30.0000   22.5000 2779.2056   11.2212
    0.0000  -30.0000   22.5000 2790.3279   10.9299
    7.5000  -30.0000   22.5000 2788.6692   11.1659
   -7.5000  -22.5000   22.5000 2783.9839   11.0703
    0.0000  -22.5000   22.5000 2800.2305   10.8390
    7.5000  -22.5000   22.5000 2795.0518   11.0795
   -7.5000  -15.0000   22.5000 2794.2117   10.9647
    0.0000  -15.0000   22.5000 2810.4023   10.7540
    7.5000  -15.0000   22.5000 2805.3684   10.9719
   -7.5000   -7.5000   22.5000 2796.3828   10.8626
    0.0000   -7.5000   22.5000 2807.2959   10.6712
    7.5000   -7.5000   22.5000 2805.5474   10.8642
   -7.5000    0.0000   22.5000 2786.0920   10.7677
    0.0000    0.0000   22.5000 2804.1863   10.6308
    7.5000    0.0000   22.5000 2797.4470   10.7791
   -7.5000    7.5000   22.5000 2795.9683   10.6985
    0.0000    7.5000   22.5000 2817.6890   10.5665
    7.5000    7.5000   22.5000 2802.8733   10.7026
   -7.5000   15.0000   22.5000 2808.3306   10.6767
    0.0000   15.0000   22.5000 2836.9131   10.5419
    7.5000   15.0000   22.5000 2817.6370   10.6739
   -7.5000   22.5000   22.5000 2838.1746   10.7323
    0.0000   22.5000   22.5000 2863.6912   10.6177
    7.5000   22.5000   22.5000 2845.5142   10.7470
   -7.5000   30.0000   22.5000 2858.9485   10.8561
    0.0000   30.0000   22.5000 2888.0105   10.7434
    7.5000   30.0000   22.5000 2869.2261   10.8874
   -7.5000   37.5000   22.5000 2866.9297   11.0021
    0.0000   37.5000   22.5000 2898.7197   10.8283
    7.5000   37.5000   22.5000 2867.0427   11.0448
   -7.5000   45.0000   22.5000 2852.2952   11.3228
    0.0000   45.0000   22.5000 2873.9512   11.1119
    7.5000   45.0000   22.5000 2851.5264   11.3562
   -7.5000  -45.0000   30.0000 2758.9778   12.0877
    0.0000  -45.0000   30.0000 2778.5347   11.7986
    7.5000  -45.0000   30.0000 2772.7656   11.9908
   -7.5000  -37.5000   30.0000 2756.0657   11.7355
    0.0000  -37.5000   30.0000 2773.2473   11.4268
    7.5000  -37.5000   30.0000 2765.2644   11.6508
   -7.5000  -30.0000   30.0000 2756.7451   11.4947
    0.0000  -30.0000   30.0000 2766.6733   11.1744
    7.5000  -30.0000   30.0000 2761.2302   11.4500
   -7.5000  -22.5000   30.0000 2768.1128   11.3714
    0.0000  -22.5000   30.0000 2775.7610   11.0780
    7.5000  -22.5000   30.0000 2770.8037   11.3662
   -7.5000  -15.0000   30.0000 2778.7153   11.2716
    0.0000  -15.0000   30.0000 2790.8623   11.0194
    7.5000  -15.0000   30.0000 2785.2996   11.2887
   -7.5000   -7.5000   30.0000 2777.1423   11.1763
    0.0000   -7.5000   30.0000 2793.3572   10.9523
    7.5000   -7.5000   30.0000 2787.4617   11.1922
   -7.5000    0.0000   30.0000 2764.8291   11.0914
    0.0000    0.0000   30.0000 2786.8442   10.9165
    7.5000    0.0000   30.0000 2775.7412   11.1080
   -7.5000    7.5000   30.0000 2772.4543   11.0468
    0.0000    7.5000   30.0000 2795.6770   10.8894
    7.5000    7.5000   30.0000 2775.6367   11.0656
   -7.5000   15.0000   30.0000 2780.4438   11.0568
    0.0000   15.0000   30.0000 2811.5442   10.9042
    7.5000   15.0000   30.0000 2788.1731   11.0812
   -7.5000   22.5000   30.0000 2800.2559   11.1208
    0.0000   22.5000   30.0000 2831.4473   11.0013
    7.5000   22.5000   30.0000 2806.4683   11.1694
   -7.5000   30.0000   30.0000 2813.8281   11.2840
    0.0000   30.0000   30.0000 2845.0159   11.1645
    7.5000   30.0000   30.0000 2814.5837   11.3227
   -7.5000   37.5000   30.0000 2810.9463   11.5218
    0.0000   37.5000   30.0000 2841.5771   11.3575
    7.5000   37.5000   30.0000 2810.9468   11.5570
   -7.5000   45.0000   30.0000 2787.2808   11.9055
    0.0000   45.0000   30.0000 2808.2185   11.7398
    7.5000   45.0000   30.0000 2786.3635   11.9267
   -7.5000  -45.0000   37.5000 2732.1438   12.5279
    0.0000  -45.0000   37.5000 2751.8708   12.2764
    7.5000  -45.0000   37.5000 2747.6541   12.4806
   -7.5000  -37.5000   37.5000 2735.6379   12.1774
    0.0000  -37.5000   37.5000 2745.4536   11.8755
    7.5000  -37.5000   37.5000 2738.6514   12.1107
   -7.5000  -30.0000   37.5000 2732.1128   11.9148
    0.0000  -30.0000   37.5000 2743.5833   11.5798
    7.5000  -30.0000   37.5000 2737.5466   11.8749
   -7.5000  -22.5000   37.5000 2739.1492   11.7692
    0.0000  -22.5000   37.5000 2753.8540   11.4458
    7.5000  -22.5000   37.5000 2743.5540   11.7765
   -7.5000  -15.0000   37.5000 2742.9172   11.6700
    0.0000  -15.0000   37.5000 2762.4155   11.3727
    7.5000  -15.0000   37.5000 2753.1775   11.6841
   -7.5000   -7.5000   37.5000 2742.3501   11.5900
    0.0000   -7.5000   37.5000 2766.0625   11.3332
    7.5000   -7.5000   37.5000 2751.7830   11.5947
   -7.5000    0.0000   37.5000 2733.2520   11.5283
    0.0000    0.0000   37.5000 2756.1797   11.3162
    7.5000    0.0000   37.5000 2744.2617   11.5340
   -7.5000    7.5000   37.5000 2734.7144   11.4746
    0.0000    7.5000   37.5000 2759.5796   11.2986
    7.5000    7.5000   37.5000 2742.1201   11.5015
   -7.5000   15.0000   37.5000 2744.0903   11.4972
    0.0000   15.0000   37.5000 2772.5935   11.3349
    7.5000   15.0000   37.5000 2750.1951   11.5339
   -7.5000   22.5000   37.5000 2756.4910   11.6174
    0.0000   22.5000   37.5000 2787.8074   11.4882
    7.5000   22.5000   37.5000 2761.7952   11.6658
   -7.5000   30.0000   37.5000 2761.5869   11.8346
    0.0000   30.0000   37.5000 2795.5391   11.7109
    7.5000   30.0000   37.5000 2759.9170   11.8903
   -7.5000   37.5000   37.5000 2751.5159   12.1270
    0.0000   37.5000   37.5000 2778.4580   12.0270
    7.5000   37.5000   37.5000 2744.7605   12.2049
   -7.5000   45.0000   37.5000 2714.4019   12.5894
    0.0000   45.0000   37.5000 2733.6401   12.4748
    7.5000   45.0000   37.5000 2714.9629   12.6307
   -7.5000  -45.0000   45.0000 2696.4624   13.1277
    0.0000  -45.0000   45.0000 2719.1313   12.9048
    7.5000  -45.0000   45.0000 2715.3816   13.1058
   -7.5000  -37.5000   45.0000 2696.9392   12.7589
    0.0000  -37.5000   45.0000 2714.0063   12.5075
    7.5000  -37.5000   45.0000 2704.9509   12.7074
   -7.5000  -30.0000   45.0000 2695.0962   12.4802
    0.0000  -30.0000   45.0000 2711.5044   12.1858
    7.5000  -30.0000   45.0000 2701.4944   12.4419
   -7.5000  -22.5000   45.0000 2694.2856   12.3013
    0.0000  -22.5000   45.0000 2716.5962   12.0102
    7.5000  -22.5000   45.0000 2703.4258   12.2877
   -7.5000  -15.0000   45.0000 2695.0598   12.1949
    0.0000  -15.0000   45.0000 2717.9158   11.9035
    7.5000  -15.0000   45.0000 2707.3462   12.1906
   -7.5000   -7.5000   45.0000 2693.8169   12.1040
    0.0000   -7.5000   45.0000 2718.6628   11.8658
    7.5000   -7.5000   45.0000 2702.5916   12.1099
   -7.5000    0.0000   45.0000 2685.6118   12.0579
    0.0000    0.0000   45.0000 2703.3064   11.8476
    7.5000    0.0000   45.0000 2694.7834   12.0789
   -7.5000    7.5000   45.0000 2685.3499   12.0450
    0.0000    7.5000   45.0000 2704.2007   11.8537
    7.5000    7.5000   45.0000 2691.6262   12.0693
   -7.5000   15.0000   45.0000 2691.5435   12.0844
    0.0000   15.0000   45.0000 2716.9810   11.9245
    7.5000   15.0000   45.0000 2695.1790   12.1116
   -7.5000   22.5000   45.0000 2699.8960   12.2306
    0.0000   22.5000   45.0000 2729.9573   12.0998
    7.5000   22.5000   45.0000 2703.1631   12.2657
   -7.5000   30.0000   45.0000 2696.2258   12.5225
    0.0000   30.0000   45.0000 2728.2566   12.3651
    7.5000   30.0000   45.0000 2692.9771   12.5613
   -7.5000   37.5000   45.0000 2675.1655   12.8629
    0.0000   37.5000   45.0000 2696.3987   12.7816
    7.5000   37.5000   45.0000 2672.1946   12.9241
   -7.5000   45.0000   45.0000 2633.1204   13.4194
    0.0000   45.0000   45.0000 2650.8660   13.3296
    7.5000   45.0000   45.0000 2635.9497   13.4606

---------------------------------------------------------------------
imgreg_4dfp /home/ts/software/freesurfer/freesurfer7.4.1/average/711-2C_as_mni_average_305 /home/ts/software/freesurfer/freesurfer7.4.1/average/711-2B_as_mni_average_305_mask talsrcimg_g11 none talsrcimg_to_711-2C_as_mni_average_305_t4 1283
---------------------------------------------------------------------

freesurfer imgreg_4dfp.c
/home/ts/software/freesurfer/freesurfer7.4.1/average/711-2C_as_mni_average_305.4dfp.img
       256       256       256         1
  1.000000  1.000000  1.000000
orientation T byte_order littleendian
Reading image: /home/ts/software/freesurfer/freesurfer7.4.1/average/711-2C_as_mni_average_305.4dfp.img
dimensions:      256       256       256
mmppix:       1.0000   -1.0000   -1.0000
center:     128.0000 -129.0000 -129.0000
/home/ts/software/freesurfer/freesurfer7.4.1/average/711-2B_as_mni_average_305_mask.4dfp.img
       256       256       256         1
  1.000000  1.000000  1.000000
orientation T byte_order littleendian
Reading mask: /home/ts/software/freesurfer/freesurfer7.4.1/average/711-2B_as_mni_average_305_mask.4dfp.img (2306576 pixels)
talsrcimg_g11.4dfp.img
       256       256       256         1
  1.000000  1.000000  1.000000
orientation T byte_order littleendian
Reading image: talsrcimg_g11.4dfp.img
dimensions:      256       256       256
mmppix:       1.0000   -1.0000   -1.0000
center:     128.0000 -129.0000 -129.0000
rotation matrix determinant  1.000000
fimgreg.f
image alignment mode   1283 decimal      503 hex
parameters
    0.0000   37.5000    0.0000    0.0000    0.0000    0.0000
eta,q 0.94096 10.41941
niter,ni,del,rscale     5    3   12.0000    1.2000
parameter  4  2.210409 ->  0.500000 qaram    1.1500
parameters
    1.8365   39.5163    0.7084   -3.4500   -0.0492    2.0453
eta,q 0.95016 10.34230
  0.0712  0.0680  0.0612  0.0490  0.0558  0.0595
  0.0672  0.0639  0.0592  0.0503  0.0528  0.0559
  0.0630  0.0604  0.0577  0.0529  0.0509  0.0533
  0.0589  0.0574  0.0566  0.0563  0.0510  0.0509
  0.0577  0.0566  0.0564  0.0603  0.0522  0.0498
  0.0592  0.0574  0.0574  0.0645  0.0538  0.0506
  0.0632  0.0601  0.0599  0.0681  0.0549  0.0530
niter,ni,del,rscale     5    3   12.0000    1.2000
parameter  4  0.661439 ->  0.500000 qaram    1.3225
parameters
    1.9627   40.0381   -0.1723   -7.4175    0.2871    1.3856
eta,q 0.95262 10.35282
  0.0622  0.0610  0.0535  0.0479  0.0530  0.0522
  0.0575  0.0562  0.0522  0.0474  0.0508  0.0499
  0.0528  0.0524  0.0507  0.0480  0.0487  0.0480
  0.0498  0.0498  0.0496  0.0499  0.0474  0.0474
  0.0507  0.0503  0.0507  0.0530  0.0481  0.0490
  0.0554  0.0535  0.0537  0.0575  0.0494  0.0516
  0.0627  0.0583  0.0576  0.0636  0.0524  0.0547
niter,ni,del,rscale     5    3   12.0000    1.2000
parameter  4  0.552748 ->  0.500000 qaram    1.5209
parameters
    1.9669   40.4932   -2.2696  -11.9801    0.6425    1.7470
eta,q 0.95494 10.39524
  0.0579  0.0572  0.0493  0.0466  0.0511  0.0507
  0.0541  0.0528  0.0476  0.0453  0.0479  0.0483
  0.0501  0.0492  0.0467  0.0453  0.0458  0.0464
  0.0474  0.0474  0.0474  0.0467  0.0452  0.0451
  0.0482  0.0480  0.0496  0.0502  0.0453  0.0455
  0.0527  0.0508  0.0532  0.0533  0.0469  0.0470
  0.0595  0.0549  0.0571  0.0579  0.0499  0.0500
niter,ni,del,rscale     5    3   12.0000    1.2000
parameters
    1.4016   42.5321   -5.0712  -16.0671    1.2899    0.8134
eta,q 0.95851 10.38419
  0.0545  0.0584  0.0448  0.0445  0.0495  0.0455
  0.0507  0.0533  0.0432  0.0422  0.0454  0.0430
  0.0469  0.0486  0.0435  0.0414  0.0423  0.0418
  0.0451  0.0452  0.0446  0.0432  0.0415  0.0416
  0.0468  0.0446  0.0463  0.0472  0.0423  0.0428
  0.0527  0.0457  0.0495  0.0522  0.0440  0.0452
  0.0602  0.0483  0.0539  0.0578  0.0462  0.0492
niter,ni,del,rscale     4    3   12.0000    1.2000
parameters
    1.0611   43.6940   -6.7445  -18.4636    1.5315    0.3440
eta,q 0.95973 10.38133
  0.0521  0.0542  0.0438  0.0442  0.0465  0.0444
  0.0467  0.0489  0.0410  0.0422  0.0431  0.0419
  0.0431  0.0444  0.0403  0.0404  0.0409  0.0406
  0.0415  0.0416  0.0412  0.0403  0.0402  0.0403
  0.0425  0.0416  0.0430  0.0427  0.0410  0.0411
  0.0481  0.0441  0.0454  0.0477  0.0428  0.0428
  0.0557  0.0475  0.0490  0.0526  0.0452  0.0461
niter,ni,del,rscale     3    3   12.0000    1.2000
parameters
    0.7221   44.6991   -7.2003  -19.5076    1.9349    0.3408
eta,q 0.96036 10.41206
  0.0515  0.0525  0.0452  0.0462  0.0456  0.0446
  0.0451  0.0471  0.0418  0.0428  0.0424  0.0417
  0.0415  0.0428  0.0400  0.0402  0.0403  0.0400
  0.0403  0.0403  0.0397  0.0397  0.0396  0.0396
  0.0414  0.0399  0.0408  0.0414  0.0402  0.0400
  0.0468  0.0426  0.0434  0.0448  0.0417  0.0415
  0.0551  0.0468  0.0469  0.0506  0.0440  0.0447
niter,ni,del,rscale     2    3   12.0000    1.2000
parameters
    0.4706   45.0600   -7.3395  -20.0745    2.2114    0.3251
eta,q 0.96041 10.42394
  0.0515  0.0509  0.0454  0.0466  0.0451  0.0444
  0.0448  0.0456  0.0420  0.0436  0.0422  0.0416
  0.0408  0.0416  0.0401  0.0405  0.0400  0.0399
  0.0396  0.0397  0.0396  0.0396  0.0395  0.0396
  0.0407  0.0405  0.0402  0.0410  0.0402  0.0399
  0.0459  0.0437  0.0424  0.0439  0.0416  0.0414
  0.0544  0.0488  0.0460  0.0494  0.0440  0.0446
niter,ni,del,rscale     1    3   12.0000    1.2000
parameters
    0.3569   45.2045   -7.3615  -20.3775    2.3481    0.3081
eta,q 0.96038 10.42925
  0.0520  0.0505  0.0454  0.0467  0.0449  0.0444
  0.0451  0.0453  0.0421  0.0441  0.0420  0.0416
  0.0410  0.0412  0.0402  0.0408  0.0400  0.0399
  0.0396  0.0396  0.0396  0.0396  0.0396  0.0396
  0.0406  0.0410  0.0401  0.0408  0.0403  0.0400
  0.0453  0.0443  0.0421  0.0436  0.0418  0.0414
  0.0536  0.0497  0.0456  0.0487  0.0443  0.0446
registration optimization eta report
parameter search radius
    6.0000    6.0000    6.0000    9.1253    6.0000    6.0000
100000*second partial in parameter space
       37.       29.       17.        9.       14.       14.
  0.0520  0.0505  0.0454  0.0467  0.0449  0.0444
  0.0451  0.0453  0.0421  0.0441  0.0420  0.0416
  0.0410  0.0412  0.0402  0.0408  0.0400  0.0399
  0.0396  0.0396  0.0396  0.0396  0.0396  0.0396
  0.0406  0.0410  0.0401  0.0408  0.0403  0.0400
  0.0453  0.0443  0.0421  0.0436  0.0418  0.0414
  0.0536  0.0497  0.0456  0.0487  0.0443  0.0446
    0.3569   45.2045   -7.3615  -20.3775    2.3481    0.3081
eta,q 0.96038 10.42925

---------------------------------------------------------------------
imgreg_4dfp /home/ts/software/freesurfer/freesurfer7.4.1/average/711-2C_as_mni_average_305 /home/ts/software/freesurfer/freesurfer7.4.1/average/711-2B_as_mni_average_305_mask talsrcimg_g11 none talsrcimg_to_711-2C_as_mni_average_305_t4 3335
---------------------------------------------------------------------

freesurfer imgreg_4dfp.c
/home/ts/software/freesurfer/freesurfer7.4.1/average/711-2C_as_mni_average_305.4dfp.img
       256       256       256         1
  1.000000  1.000000  1.000000
orientation T byte_order littleendian
Reading image: /home/ts/software/freesurfer/freesurfer7.4.1/average/711-2C_as_mni_average_305.4dfp.img
dimensions:      256       256       256
mmppix:       1.0000   -1.0000   -1.0000
center:     128.0000 -129.0000 -129.0000
/home/ts/software/freesurfer/freesurfer7.4.1/average/711-2B_as_mni_average_305_mask.4dfp.img
       256       256       256         1
  1.000000  1.000000  1.000000
orientation T byte_order littleendian
Reading mask: /home/ts/software/freesurfer/freesurfer7.4.1/average/711-2B_as_mni_average_305_mask.4dfp.img (2306576 pixels)
talsrcimg_g11.4dfp.img
       256       256       256         1
  1.000000  1.000000  1.000000
orientation T byte_order littleendian
Reading image: talsrcimg_g11.4dfp.img
dimensions:      256       256       256
mmppix:       1.0000   -1.0000   -1.0000
center:     128.0000 -129.0000 -129.0000
fimgreg.f
image alignment mode   3335 decimal      D07 hex
parameters
    0.3569   45.2045   -7.3615   -0.0854   -6.2518   -6.3368
    0.9226   -4.0277    0.5372   34.7992    4.0970  -34.7911
eta,q 0.96147 10.51861
niter,ni,del,rscale     5    3    5.0000    1.2000
parameter  4  1.734375 ->  0.500000 qaram    1.1500
parameter  5  1.404041 ->  0.500000 qaram    1.1500
parameter 11  0.522999 ->  0.500000 qaram    1.1500
parameter 12 -1.610303 -> -0.500000 qaram    1.1500
parameters
    0.5420   45.1975   -7.2463   -4.2254  -10.3918   -3.3135
    0.3738   -3.4851    0.3377   34.7532   -0.0430  -30.6511
eta,q 0.96880 10.42035
  0.0411  0.0404  0.0392  0.0338  0.0319  0.0344  0.0343  0.0370  0.0341  0.0347  0.0324  0.0349
  0.0398  0.0393  0.0389  0.0347  0.0325  0.0334  0.0332  0.0348  0.0332  0.0335  0.0322  0.0339
  0.0390  0.0387  0.0386  0.0362  0.0335  0.0328  0.0326  0.0332  0.0326  0.0327  0.0323  0.0331
  0.0385  0.0385  0.0385  0.0385  0.0350  0.0327  0.0325  0.0325  0.0324  0.0324  0.0324  0.0322
  0.0385  0.0387  0.0385  0.0409  0.0369  0.0326  0.0328  0.0326  0.0326  0.0326  0.0327  0.0316
  0.0392  0.0393  0.0387  0.0437  0.0391  0.0322  0.0337  0.0338  0.0333  0.0334  0.0331  0.0311
  0.0405  0.0404  0.0391  0.0468  0.0415  0.0328  0.0350  0.0360  0.0343  0.0349  0.0335  0.0308
niter,ni,del,rscale     7    3    5.0000    1.2000
parameter  4  0.574690 ->  0.500000 qaram    1.3225
parameter  5  0.688210 ->  0.500000 qaram    1.3225
parameters
    0.4432   45.7893   -6.8402   -8.9864  -15.1528   -4.5306
    0.2936   -4.0668    0.0673   34.8449   -1.0218  -26.9509
eta,q 0.97140  9.91317
  0.0344  0.0347  0.0327  0.0307  0.0290  0.0298  0.0314  0.0324  0.0307  0.0310  0.0296  0.0308
  0.0325  0.0331  0.0318  0.0299  0.0288  0.0291  0.0301  0.0302  0.0297  0.0299  0.0291  0.0301
  0.0314  0.0319  0.0312  0.0300  0.0292  0.0290  0.0292  0.0291  0.0291  0.0291  0.0289  0.0294
  0.0312  0.0312  0.0310  0.0310  0.0298  0.0289  0.0290  0.0290  0.0289  0.0289  0.0289  0.0289
  0.0318  0.0310  0.0311  0.0331  0.0312  0.0289  0.0293  0.0298  0.0292  0.0291  0.0291  0.0286
  0.0330  0.0314  0.0313  0.0359  0.0331  0.0296  0.0302  0.0313  0.0299  0.0298  0.0295  0.0286
  0.0348  0.0324  0.0318  0.0388  0.0354  0.0312  0.0314  0.0334  0.0310  0.0310  0.0300  0.0291
niter,ni,del,rscale     7    3    5.0000    1.2000
parameters
    0.4970   46.1893   -6.9083   -9.4591  -16.3316   -5.1228
   -0.0897   -3.9272   -0.0500   34.6661   -0.4357  -27.4281
eta,q 0.97152  9.80437
  0.0323  0.0319  0.0296  0.0324  0.0306  0.0298  0.0309  0.0329  0.0304  0.0304  0.0294  0.0297
  0.0304  0.0302  0.0290  0.0306  0.0293  0.0289  0.0295  0.0305  0.0293  0.0293  0.0289  0.0290
  0.0291  0.0291  0.0286  0.0292  0.0286  0.0285  0.0287  0.0290  0.0287  0.0286  0.0286  0.0286
  0.0286  0.0286  0.0285  0.0285  0.0286  0.0285  0.0285  0.0285  0.0285  0.0285  0.0285  0.0285
  0.0289  0.0286  0.0287  0.0291  0.0290  0.0285  0.0290  0.0290  0.0287  0.0288  0.0285  0.0286
  0.0301  0.0292  0.0291  0.0308  0.0301  0.0291  0.0300  0.0304  0.0294  0.0295  0.0288  0.0292
  0.0320  0.0302  0.0297  0.0336  0.0320  0.0305  0.0313  0.0324  0.0305  0.0305  0.0292  0.0301
niter,ni,del,rscale     6    3    5.0000    1.2000
parameters
    0.5208   46.3427   -6.9925   -9.5852  -16.7245   -5.4789
   -0.0495   -3.9072   -0.1246   34.8770   -0.1697  -27.5404
eta,q 0.97154  9.76525
  0.0321  0.0312  0.0295  0.0324  0.0310  0.0298  0.0311  0.0327  0.0303  0.0306  0.0293  0.0297
  0.0302  0.0297  0.0289  0.0306  0.0295  0.0289  0.0297  0.0303  0.0293  0.0293  0.0289  0.0291
  0.0289  0.0288  0.0286  0.0293  0.0286  0.0284  0.0288  0.0289  0.0287  0.0286  0.0286  0.0286
  0.0285  0.0285  0.0285  0.0285  0.0285  0.0285  0.0284  0.0284  0.0284  0.0285  0.0285  0.0285
  0.0289  0.0287  0.0286  0.0289  0.0289  0.0286  0.0288  0.0290  0.0287  0.0287  0.0285  0.0285
  0.0301  0.0294  0.0290  0.0303  0.0298  0.0290  0.0297  0.0304  0.0294  0.0293  0.0288  0.0290
  0.0319  0.0305  0.0296  0.0331  0.0314  0.0302  0.0310  0.0325  0.0304  0.0302  0.0292  0.0299
niter,ni,del,rscale     5    3    5.0000    1.2000
parameters
    0.5128   46.4530   -7.1231   -9.6335  -17.0206   -5.7981
   -0.0119   -3.9113   -0.1880   35.0285    0.0606  -27.5577
eta,q 0.97158  9.73461
  0.0319  0.0311  0.0294  0.0324  0.0310  0.0298  0.0311  0.0326  0.0303  0.0305  0.0293  0.0297
  0.0301  0.0296  0.0288  0.0306  0.0295  0.0289  0.0297  0.0303  0.0293  0.0293  0.0288  0.0291
  0.0289  0.0288  0.0285  0.0293  0.0286  0.0284  0.0287  0.0289  0.0286  0.0286  0.0285  0.0286
  0.0285  0.0285  0.0285  0.0285  0.0285  0.0284  0.0284  0.0284  0.0284  0.0284  0.0284  0.0284
  0.0289  0.0287  0.0286  0.0288  0.0289  0.0286  0.0288  0.0290  0.0287  0.0287  0.0285  0.0285
  0.0301  0.0294  0.0290  0.0302  0.0297  0.0290  0.0297  0.0304  0.0293  0.0293  0.0288  0.0290
  0.0320  0.0306  0.0296  0.0329  0.0312  0.0301  0.0310  0.0325  0.0304  0.0302  0.0292  0.0298
niter,ni,del,rscale     4    3    5.0000    1.2000
parameters
    0.5041   46.5423   -7.2490   -9.6686  -17.2724   -6.1394
    0.0244   -3.9136   -0.2526   35.1427    0.3223  -27.5446
eta,q 0.97161  9.70436
  0.0318  0.0310  0.0294  0.0323  0.0309  0.0298  0.0310  0.0325  0.0303  0.0305  0.0293  0.0297
  0.0300  0.0296  0.0288  0.0306  0.0294  0.0288  0.0296  0.0303  0.0292  0.0292  0.0288  0.0290
  0.0288  0.0287  0.0285  0.0292  0.0286  0.0283  0.0287  0.0288  0.0286  0.0285  0.0285  0.0286
  0.0284  0.0284  0.0284  0.0284  0.0284  0.0284  0.0284  0.0284  0.0284  0.0284  0.0284  0.0284
  0.0289  0.0287  0.0286  0.0287  0.0288  0.0286  0.0287  0.0290  0.0286  0.0287  0.0285  0.0285
  0.0300  0.0294  0.0290  0.0301  0.0296  0.0290  0.0296  0.0304  0.0293  0.0293  0.0287  0.0289
  0.0319  0.0306  0.0296  0.0328  0.0311  0.0301  0.0309  0.0324  0.0303  0.0302  0.0292  0.0298
niter,ni,del,rscale     3    3    5.0000    1.2000
parameters
    0.4945   46.6276   -7.3700   -9.7031  -17.5462   -6.4812
    0.0640   -3.9107   -0.3244   35.2472    0.5794  -27.5113
eta,q 0.97166  9.67218
  0.0318  0.0309  0.0294  0.0322  0.0309  0.0298  0.0310  0.0325  0.0302  0.0304  0.0292  0.0296
  0.0300  0.0295  0.0288  0.0305  0.0294  0.0288  0.0296  0.0302  0.0292  0.0292  0.0288  0.0290
  0.0288  0.0287  0.0285  0.0292  0.0285  0.0283  0.0287  0.0288  0.0285  0.0285  0.0285  0.0285
  0.0284  0.0284  0.0284  0.0284  0.0284  0.0284  0.0283  0.0283  0.0283  0.0283  0.0283  0.0283
  0.0288  0.0286  0.0286  0.0287  0.0288  0.0286  0.0287  0.0289  0.0286  0.0286  0.0284  0.0284
  0.0300  0.0294  0.0290  0.0300  0.0296  0.0290  0.0296  0.0303  0.0293  0.0293  0.0287  0.0289
  0.0318  0.0305  0.0296  0.0327  0.0311  0.0301  0.0309  0.0324  0.0303  0.0302  0.0291  0.0297
niter,ni,del,rscale     2    3    5.0000    1.2000
parameters
    0.4861   46.7189   -7.4987   -9.7401  -17.8213   -6.8684
    0.1023   -3.9067   -0.3977   35.3555    0.8332  -27.4839
eta,q 0.97172  9.63748
  0.0317  0.0309  0.0294  0.0321  0.0308  0.0298  0.0309  0.0324  0.0302  0.0304  0.0292  0.0296
  0.0299  0.0295  0.0288  0.0304  0.0293  0.0288  0.0295  0.0302  0.0291  0.0292  0.0287  0.0289
  0.0287  0.0286  0.0284  0.0291  0.0285  0.0283  0.0286  0.0287  0.0285  0.0284  0.0284  0.0285
  0.0283  0.0283  0.0283  0.0283  0.0283  0.0283  0.0283  0.0283  0.0283  0.0283  0.0283  0.0283
  0.0288  0.0286  0.0285  0.0286  0.0288  0.0286  0.0286  0.0288  0.0285  0.0286  0.0284  0.0284
  0.0299  0.0293  0.0289  0.0300  0.0296  0.0291  0.0295  0.0302  0.0292  0.0292  0.0287  0.0288
  0.0318  0.0305  0.0296  0.0326  0.0310  0.0301  0.0308  0.0323  0.0302  0.0301  0.0291  0.0296
niter,ni,del,rscale     1    3    5.0000    1.2000
parameters
    0.4780   46.8153   -7.6424   -9.7783  -18.1227   -7.2962
    0.1463   -3.9018   -0.4741   35.4832    1.0774  -27.4264
eta,q 0.97179  9.59932
  0.0316  0.0308  0.0293  0.0320  0.0308  0.0298  0.0308  0.0323  0.0301  0.0304  0.0292  0.0295
  0.0298  0.0294  0.0287  0.0303  0.0293  0.0288  0.0294  0.0301  0.0290  0.0291  0.0287  0.0289
  0.0287  0.0286  0.0284  0.0290  0.0284  0.0282  0.0285  0.0287  0.0284  0.0284  0.0284  0.0284
  0.0283  0.0283  0.0283  0.0283  0.0283  0.0283  0.0282  0.0282  0.0282  0.0282  0.0282  0.0282
  0.0287  0.0285  0.0285  0.0286  0.0287  0.0287  0.0285  0.0288  0.0285  0.0285  0.0283  0.0283
  0.0299  0.0292  0.0289  0.0299  0.0296  0.0291  0.0294  0.0301  0.0291  0.0292  0.0286  0.0288
  0.0317  0.0304  0.0296  0.0325  0.0310  0.0301  0.0307  0.0322  0.0302  0.0301  0.0291  0.0296
registration optimization eta report
parameter search radius
    2.4000    2.4000    2.4000    9.5220    9.5220    7.2000
    7.2000    7.2000    7.2000    7.2000    8.2800    8.2800
100000*second partial in parameter space
       58.       40.       20.        4.        3.        3.
        5.        8.        4.        4.        1.        2.
  0.0316  0.0308  0.0293  0.0320  0.0308  0.0298  0.0308  0.0323  0.0301  0.0304  0.0292  0.0295
  0.0298  0.0294  0.0287  0.0303  0.0293  0.0288  0.0294  0.0301  0.0290  0.0291  0.0287  0.0289
  0.0287  0.0286  0.0284  0.0290  0.0284  0.0282  0.0285  0.0287  0.0284  0.0284  0.0284  0.0284
  0.0283  0.0283  0.0283  0.0283  0.0283  0.0283  0.0282  0.0282  0.0282  0.0282  0.0282  0.0282
  0.0287  0.0285  0.0285  0.0286  0.0287  0.0287  0.0285  0.0288  0.0285  0.0285  0.0283  0.0283
  0.0299  0.0292  0.0289  0.0299  0.0296  0.0291  0.0294  0.0301  0.0291  0.0292  0.0286  0.0288
  0.0317  0.0304  0.0296  0.0325  0.0310  0.0301  0.0307  0.0322  0.0302  0.0301  0.0291  0.0296
    0.4780   46.8153   -7.6424   -9.7783  -18.1227   -7.2962
    0.1463   -3.9018   -0.4741   35.4832    1.0774  -27.4264
eta,q 0.97179  9.59932

---------------------------------------------------------------------
imgreg_4dfp /home/ts/software/freesurfer/freesurfer7.4.1/average/711-2C_as_mni_average_305 /home/ts/software/freesurfer/freesurfer7.4.1/average/711-2B_as_mni_average_305_mask talsrcimg_g11 none talsrcimg_to_711-2C_as_mni_average_305_t4 2311
---------------------------------------------------------------------

freesurfer imgreg_4dfp.c
/home/ts/software/freesurfer/freesurfer7.4.1/average/711-2C_as_mni_average_305.4dfp.img
       256       256       256         1
  1.000000  1.000000  1.000000
orientation T byte_order littleendian
Reading image: /home/ts/software/freesurfer/freesurfer7.4.1/average/711-2C_as_mni_average_305.4dfp.img
dimensions:      256       256       256
mmppix:       1.0000   -1.0000   -1.0000
center:     128.0000 -129.0000 -129.0000
/home/ts/software/freesurfer/freesurfer7.4.1/average/711-2B_as_mni_average_305_mask.4dfp.img
       256       256       256         1
  1.000000  1.000000  1.000000
orientation T byte_order littleendian
Reading mask: /home/ts/software/freesurfer/freesurfer7.4.1/average/711-2B_as_mni_average_305_mask.4dfp.img (2306576 pixels)
talsrcimg_g11.4dfp.img
       256       256       256         1
  1.000000  1.000000  1.000000
orientation T byte_order littleendian
Reading image: talsrcimg_g11.4dfp.img
dimensions:      256       256       256
mmppix:       1.0000   -1.0000   -1.0000
center:     128.0000 -129.0000 -129.0000
fimgreg.f
image alignment mode   2311 decimal      907 hex
parameters
    0.4780   46.8153   -7.6424   -9.7783  -18.1227   -7.2962
    0.1463   -3.9018   -0.4741   35.4832    1.0774  -27.4264
eta,q 0.97179  9.59932
niter,ni,del,rscale     5    3    5.0000    0.8000
parameters
    0.4700   46.9052   -7.8253   -9.0859  -18.9000   -8.0806
    0.2265   -3.8894   -0.5383   35.2838    1.2973  -27.1193
eta,q 0.97193  9.54251
  0.0297  0.0294  0.0287  0.0295  0.0287  0.0288  0.0293  0.0300  0.0289  0.0290  0.0285  0.0286
  0.0289  0.0287  0.0284  0.0289  0.0283  0.0283  0.0287  0.0289  0.0284  0.0284  0.0283  0.0283
  0.0284  0.0284  0.0282  0.0285  0.0282  0.0281  0.0282  0.0283  0.0282  0.0281  0.0281  0.0282
  0.0282  0.0282  0.0282  0.0282  0.0282  0.0282  0.0281  0.0281  0.0281  0.0281  0.0281  0.0281
  0.0284  0.0283  0.0283  0.0282  0.0284  0.0285  0.0282  0.0283  0.0282  0.0282  0.0281  0.0281
  0.0289  0.0286  0.0286  0.0285  0.0287  0.0288  0.0286  0.0290  0.0285  0.0286  0.0282  0.0282
  0.0298  0.0291  0.0289  0.0290  0.0290  0.0291  0.0292  0.0299  0.0290  0.0291  0.0284  0.0285
niter,ni,del,rscale     4    3    5.0000    0.7000
parameters
    0.4524   47.0693   -8.0593   -9.0574  -19.4068   -8.8089
    0.3051   -3.8818   -0.5415   35.4868    1.4877  -27.0819
eta,q 0.97203  9.48484
  0.0292  0.0291  0.0284  0.0288  0.0285  0.0286  0.0289  0.0294  0.0287  0.0289  0.0283  0.0284
  0.0286  0.0285  0.0282  0.0284  0.0282  0.0282  0.0284  0.0286  0.0283  0.0284  0.0281  0.0282
  0.0282  0.0282  0.0280  0.0281  0.0280  0.0280  0.0281  0.0281  0.0280  0.0281  0.0280  0.0280
  0.0281  0.0281  0.0281  0.0280  0.0280  0.0280  0.0280  0.0280  0.0280  0.0280  0.0280  0.0280
  0.0282  0.0281  0.0282  0.0281  0.0282  0.0283  0.0281  0.0282  0.0280  0.0280  0.0280  0.0280
  0.0286  0.0283  0.0284  0.0284  0.0284  0.0286  0.0283  0.0286  0.0283  0.0283  0.0281  0.0281
  0.0292  0.0287  0.0287  0.0288  0.0287  0.0290  0.0288  0.0294  0.0287  0.0287  0.0282  0.0284
niter,ni,del,rscale     3    3    5.0000    0.6000
parameters
    0.4439   47.2231   -8.3298   -9.0976  -19.8991   -9.3497
    0.3514   -3.8968   -0.5412   35.7387    1.7184  -27.1219
eta,q 0.97211  9.43718
  0.0288  0.0287  0.0282  0.0285  0.0283  0.0284  0.0286  0.0290  0.0284  0.0286  0.0281  0.0282
  0.0283  0.0283  0.0280  0.0282  0.0280  0.0281  0.0282  0.0284  0.0281  0.0282  0.0280  0.0280
  0.0280  0.0281  0.0279  0.0280  0.0279  0.0279  0.0280  0.0280  0.0280  0.0280  0.0279  0.0279
  0.0280  0.0280  0.0280  0.0279  0.0279  0.0279  0.0279  0.0279  0.0279  0.0279  0.0279  0.0279
  0.0281  0.0280  0.0281  0.0280  0.0280  0.0281  0.0280  0.0280  0.0280  0.0279  0.0279  0.0279
  0.0283  0.0281  0.0282  0.0282  0.0282  0.0284  0.0282  0.0284  0.0281  0.0281  0.0280  0.0280
  0.0288  0.0284  0.0285  0.0285  0.0285  0.0288  0.0285  0.0290  0.0284  0.0284  0.0281  0.0282
niter,ni,del,rscale     2    3    5.0000    0.5000
parameters
    0.4392   47.3487   -8.5322   -9.1655  -20.2382   -9.6991
    0.3738   -3.9245   -0.5522   35.9781    1.9061  -27.1975
eta,q 0.97215  9.40619
  0.0285  0.0284  0.0280  0.0283  0.0281  0.0283  0.0283  0.0286  0.0282  0.0284  0.0280  0.0281
  0.0281  0.0282  0.0279  0.0280  0.0280  0.0280  0.0281  0.0282  0.0280  0.0281  0.0279  0.0280
  0.0279  0.0280  0.0279  0.0279  0.0279  0.0279  0.0279  0.0279  0.0279  0.0279  0.0279  0.0279
  0.0279  0.0279  0.0279  0.0279  0.0279  0.0279  0.0279  0.0279  0.0279  0.0279  0.0279  0.0279
  0.0280  0.0279  0.0279  0.0279  0.0279  0.0280  0.0279  0.0280  0.0279  0.0279  0.0279  0.0279
  0.0281  0.0280  0.0281  0.0281  0.0281  0.0282  0.0281  0.0282  0.0280  0.0280  0.0279  0.0280
  0.0285  0.0282  0.0283  0.0283  0.0283  0.0285  0.0283  0.0286  0.0282  0.0282  0.0280  0.0281
niter,ni,del,rscale     1    3    5.0000    0.4000
parameters
    0.4358   47.4374   -8.6697   -9.2489  -20.4800   -9.9197
    0.4095   -3.9627   -0.5736   36.1313    2.0844  -27.2833
eta,q 0.97217  9.38407
  0.0282  0.0282  0.0280  0.0281  0.0280  0.0281  0.0281  0.0283  0.0281  0.0282  0.0280  0.0280
  0.0280  0.0280  0.0279  0.0279  0.0279  0.0280  0.0280  0.0280  0.0279  0.0280  0.0279  0.0279
  0.0279  0.0279  0.0278  0.0279  0.0278  0.0279  0.0279  0.0279  0.0279  0.0279  0.0279  0.0278
  0.0279  0.0279  0.0278  0.0278  0.0278  0.0278  0.0278  0.0278  0.0278  0.0278  0.0278  0.0278
  0.0279  0.0279  0.0279  0.0279  0.0279  0.0279  0.0279  0.0279  0.0279  0.0279  0.0278  0.0279
  0.0280  0.0279  0.0280  0.0280  0.0280  0.0281  0.0280  0.0281  0.0280  0.0279  0.0279  0.0279
  0.0282  0.0281  0.0281  0.0281  0.0281  0.0283  0.0281  0.0283  0.0281  0.0281  0.0279  0.0280
registration optimization eta report
parameter search radius
    0.8000    0.8000    0.8000    2.4000    2.4000    2.4000
    2.4000    2.4000    2.4000    2.4000    2.4000    2.4000
100000*second partial in parameter space
       57.       43.       27.        5.        4.        6.
        5.        8.        4.        5.        2.        3.
  0.0282  0.0282  0.0280  0.0281  0.0280  0.0281  0.0281  0.0283  0.0281  0.0282  0.0280  0.0280
  0.0280  0.0280  0.0279  0.0279  0.0279  0.0280  0.0280  0.0280  0.0279  0.0280  0.0279  0.0279
  0.0279  0.0279  0.0278  0.0279  0.0278  0.0279  0.0279  0.0279  0.0279  0.0279  0.0279  0.0278
  0.0279  0.0279  0.0278  0.0278  0.0278  0.0278  0.0278  0.0278  0.0278  0.0278  0.0278  0.0278
  0.0279  0.0279  0.0279  0.0279  0.0279  0.0279  0.0279  0.0279  0.0279  0.0279  0.0278  0.0279
  0.0280  0.0279  0.0280  0.0280  0.0280  0.0281  0.0280  0.0281  0.0280  0.0279  0.0279  0.0279
  0.0282  0.0281  0.0281  0.0281  0.0281  0.0283  0.0281  0.0283  0.0281  0.0281  0.0279  0.0280
    0.4358   47.4374   -8.6697   -9.2489  -20.4800   -9.9197
    0.4095   -3.9627   -0.5736   36.1313    2.0844  -27.2833
eta,q 0.97217  9.38407

---------------------------------------------------------------------
imgreg_4dfp /home/ts/software/freesurfer/freesurfer7.4.1/average/711-2C_as_mni_average_305 /home/ts/software/freesurfer/freesurfer7.4.1/average/711-2B_as_mni_average_305_mask talsrcimg_g11 none talsrcimg_to_711-2C_as_mni_average_305_t4 2311
---------------------------------------------------------------------

freesurfer imgreg_4dfp.c
/home/ts/software/freesurfer/freesurfer7.4.1/average/711-2C_as_mni_average_305.4dfp.img
       256       256       256         1
  1.000000  1.000000  1.000000
orientation T byte_order littleendian
Reading image: /home/ts/software/freesurfer/freesurfer7.4.1/average/711-2C_as_mni_average_305.4dfp.img
dimensions:      256       256       256
mmppix:       1.0000   -1.0000   -1.0000
center:     128.0000 -129.0000 -129.0000
/home/ts/software/freesurfer/freesurfer7.4.1/average/711-2B_as_mni_average_305_mask.4dfp.img
       256       256       256         1
  1.000000  1.000000  1.000000
orientation T byte_order littleendian
Reading mask: /home/ts/software/freesurfer/freesurfer7.4.1/average/711-2B_as_mni_average_305_mask.4dfp.img (2306576 pixels)
talsrcimg_g11.4dfp.img
       256       256       256         1
  1.000000  1.000000  1.000000
orientation T byte_order littleendian
Reading image: talsrcimg_g11.4dfp.img
dimensions:      256       256       256
mmppix:       1.0000   -1.0000   -1.0000
center:     128.0000 -129.0000 -129.0000
fimgreg.f
image alignment mode   2311 decimal      907 hex
parameters
    0.4358   47.4374   -8.6697   -9.2489  -20.4800   -9.9197
    0.4095   -3.9627   -0.5736   36.1313    2.0844  -27.2833
eta,q 0.97217  9.38407
niter,ni,del,rscale     5    3    5.0000    0.8000
parameters
    0.4329   47.5105   -8.7490   -9.2873  -20.4716   -9.9571
    0.4288   -3.9021   -0.6071   36.2973    1.9250  -27.3413
eta,q 0.97218  9.38588
  0.0292  0.0290  0.0284  0.0287  0.0287  0.0290  0.0290  0.0297  0.0288  0.0291  0.0282  0.0284
  0.0285  0.0284  0.0281  0.0283  0.0282  0.0284  0.0283  0.0287  0.0283  0.0284  0.0280  0.0281
  0.0280  0.0280  0.0279  0.0279  0.0279  0.0280  0.0280  0.0280  0.0279  0.0280  0.0279  0.0279
  0.0278  0.0278  0.0278  0.0278  0.0278  0.0278  0.0278  0.0278  0.0278  0.0278  0.0278  0.0278
  0.0280  0.0279  0.0279  0.0280  0.0279  0.0280  0.0280  0.0281  0.0279  0.0279  0.0279  0.0279
  0.0285  0.0283  0.0282  0.0283  0.0282  0.0285  0.0283  0.0287  0.0283  0.0283  0.0280  0.0281
  0.0292  0.0288  0.0286  0.0288  0.0286  0.0290  0.0289  0.0296  0.0288  0.0289  0.0283  0.0284
niter,ni,del,rscale     4    3    5.0000    0.7000
parameters
    0.4441   47.5258   -8.7746   -9.2725  -20.5612   -9.9980
    0.4049   -3.9053   -0.5993   36.3269    1.9830  -27.3656
eta,q 0.97218  9.38095
  0.0289  0.0287  0.0283  0.0286  0.0285  0.0288  0.0287  0.0293  0.0286  0.0287  0.0281  0.0283
  0.0283  0.0282  0.0280  0.0282  0.0281  0.0283  0.0282  0.0285  0.0282  0.0282  0.0280  0.0280
  0.0279  0.0279  0.0279  0.0279  0.0279  0.0279  0.0279  0.0280  0.0279  0.0279  0.0279  0.0279
  0.0278  0.0278  0.0278  0.0278  0.0278  0.0278  0.0278  0.0278  0.0278  0.0278  0.0278  0.0278
  0.0279  0.0279  0.0279  0.0279  0.0279  0.0280  0.0279  0.0280  0.0279  0.0279  0.0278  0.0279
  0.0283  0.0282  0.0281  0.0282  0.0282  0.0283  0.0282  0.0285  0.0282  0.0282  0.0280  0.0280
  0.0289  0.0286  0.0284  0.0286  0.0285  0.0288  0.0287  0.0293  0.0286  0.0287  0.0281  0.0283
niter,ni,del,rscale     3    3    5.0000    0.6000
parameters
    0.4474   47.5376   -8.7947   -9.2753  -20.6409  -10.0583
    0.4034   -3.9166   -0.5909   36.3245    2.0564  -27.3711
eta,q 0.97218  9.37383
  0.0286  0.0285  0.0282  0.0284  0.0283  0.0285  0.0285  0.0289  0.0284  0.0285  0.0281  0.0282
  0.0282  0.0281  0.0280  0.0281  0.0280  0.0282  0.0281  0.0283  0.0281  0.0281  0.0279  0.0280
  0.0279  0.0279  0.0279  0.0279  0.0279  0.0279  0.0279  0.0279  0.0279  0.0279  0.0279  0.0279
  0.0278  0.0278  0.0278  0.0278  0.0278  0.0278  0.0278  0.0278  0.0278  0.0278  0.0278  0.0278
  0.0279  0.0279  0.0279  0.0279  0.0279  0.0279  0.0279  0.0280  0.0279  0.0279  0.0278  0.0279
  0.0282  0.0281  0.0280  0.0281  0.0281  0.0282  0.0281  0.0283  0.0281  0.0281  0.0279  0.0280
  0.0286  0.0284  0.0282  0.0284  0.0283  0.0286  0.0285  0.0289  0.0284  0.0285  0.0281  0.0282
niter,ni,del,rscale     2    3    5.0000    0.5000
parameters
    0.4440   47.5484   -8.8168   -9.3061  -20.6881  -10.1198
    0.4122   -3.9380   -0.6031   36.3294    2.1486  -27.3717
eta,q 0.97218  9.36727
  0.0284  0.0283  0.0281  0.0282  0.0282  0.0283  0.0283  0.0286  0.0282  0.0283  0.0280  0.0281
  0.0281  0.0280  0.0279  0.0280  0.0280  0.0281  0.0280  0.0281  0.0280  0.0280  0.0279  0.0279
  0.0279  0.0279  0.0278  0.0279  0.0279  0.0279  0.0279  0.0279  0.0279  0.0279  0.0279  0.0279
  0.0278  0.0278  0.0278  0.0278  0.0278  0.0278  0.0278  0.0278  0.0278  0.0278  0.0278  0.0278
  0.0279  0.0279  0.0279  0.0279  0.0279  0.0279  0.0279  0.0279  0.0279  0.0279  0.0278  0.0278
  0.0281  0.0280  0.0280  0.0280  0.0280  0.0281  0.0280  0.0282  0.0280  0.0280  0.0279  0.0279
  0.0284  0.0282  0.0281  0.0282  0.0282  0.0284  0.0283  0.0286  0.0282  0.0283  0.0280  0.0281
niter,ni,del,rscale     1    3    5.0000    0.4000
parameters
    0.4392   47.5567   -8.8435   -9.3491  -20.7196  -10.1646
    0.4283   -3.9660   -0.6064   36.3388    2.2169  -27.3631
eta,q 0.97218  9.36166
  0.0282  0.0281  0.0280  0.0281  0.0280  0.0282  0.0281  0.0283  0.0281  0.0281  0.0279  0.0280
  0.0280  0.0279  0.0279  0.0279  0.0279  0.0280  0.0280  0.0280  0.0279  0.0280  0.0279  0.0279
  0.0279  0.0279  0.0278  0.0278  0.0278  0.0279  0.0279  0.0279  0.0278  0.0278  0.0278  0.0278
  0.0278  0.0278  0.0278  0.0278  0.0278  0.0278  0.0278  0.0278  0.0278  0.0278  0.0278  0.0278
  0.0279  0.0279  0.0278  0.0279  0.0279  0.0279  0.0278  0.0279  0.0278  0.0279  0.0278  0.0278
  0.0280  0.0279  0.0279  0.0279  0.0279  0.0280  0.0279  0.0281  0.0279  0.0279  0.0279  0.0279
  0.0282  0.0281  0.0280  0.0281  0.0280  0.0282  0.0281  0.0283  0.0281  0.0281  0.0279  0.0280
registration optimization eta report
parameter search radius
    0.8000    0.8000    0.8000    2.4000    2.4000    2.4000
    2.4000    2.4000    2.4000    2.4000    2.4000    2.4000
100000*second partial in parameter space
       56.       43.       27.        4.        4.        6.
        5.        8.        4.        5.        2.        3.
  0.0282  0.0281  0.0280  0.0281  0.0280  0.0282  0.0281  0.0283  0.0281  0.0281  0.0279  0.0280
  0.0280  0.0279  0.0279  0.0279  0.0279  0.0280  0.0280  0.0280  0.0279  0.0280  0.0279  0.0279
  0.0279  0.0279  0.0278  0.0278  0.0278  0.0279  0.0279  0.0279  0.0278  0.0278  0.0278  0.0278
  0.0278  0.0278  0.0278  0.0278  0.0278  0.0278  0.0278  0.0278  0.0278  0.0278  0.0278  0.0278
  0.0279  0.0279  0.0278  0.0279  0.0279  0.0279  0.0278  0.0279  0.0278  0.0279  0.0278  0.0278
  0.0280  0.0279  0.0279  0.0279  0.0279  0.0280  0.0279  0.0281  0.0279  0.0279  0.0279  0.0279
  0.0282  0.0281  0.0280  0.0281  0.0280  0.0282  0.0281  0.0283  0.0281  0.0281  0.0279  0.0280
    0.4392   47.5567   -8.8435   -9.3491  -20.7196  -10.1646
    0.4283   -3.9660   -0.6064   36.3388    2.2169  -27.3631
eta,q 0.97218  9.36166

---------------------------------------------------------------------
compute_vox2vox talsrcimg talsrcimg_to_711-2C_as_mni_average_305_t4 /home/ts/software/freesurfer/freesurfer7.4.1/average/711-2C_as_mni_average_305
---------------------------------------------------------------------

freesurfer compute_vox2vox.c
Reading: talsrcimg.4dfp.ifh
Reading: talsrcimg_to_711-2C_as_mni_average_305_t4
Reading: /home/ts/software/freesurfer/freesurfer7.4.1/average/711-2C_as_mni_average_305.4dfp.ifh
Writing: talsrcimg_to_711-2C_as_mni_average_305_t4_vox2vox.txt

start time Fri Sep 4 10:55:39 CEST 2026
end		time Fri Sep 4 10:55:57 CEST 2026

mpr2mni305 success

avi2talxfm orig_nu.mgz /home/ts/software/freesurfer/freesurfer7.4.1/average/mni305.cor.mgz talsrcimg_to_711-2C_as_mni_average_305_t4_vox2vox.txt transforms/talairach.auto.xfm
avi2talxfm done
mv -f /home/ts/develop/subject1/derived/FreeSurfer/7.4.1/subjects_dir/sub-01/mri/talsrcimg_to_711-2C_as_mni_average_305_t4_vox2vox.txt /home/ts/develop/subject1/derived/FreeSurfer/7.4.1/subjects_dir/sub-01/mri/transforms/talsrcimg_to_711-2C_as_mni_average_305_t4_vox2vox.txt
lta_convert --src orig_nu.mgz --trg /home/ts/software/freesurfer/freesurfer7.4.1/average/mni305.cor.mgz --inxfm transforms/talairach.auto.xfm --outlta transforms/talairach.auto.xfm.lta --subject fsaverage
7.4.1

--src: orig_nu.mgz src image (geometry).
--trg: /home/ts/software/freesurfer/freesurfer7.4.1/average/mni305.cor.mgz trg image (geometry).
--inmni: transforms/talairach.auto.xfm input MNI/XFM transform.
--outlta: transforms/talairach.auto.xfm.lta output LTA.
--s: fsaverage subject name
 LTA read, type : 1
 1.10210   0.04481   0.00951  -0.79529;
-0.02161   0.97590   0.33694  -19.60567;
 0.01834  -0.44697   1.10698   10.22237;
 0.00000   0.00000   0.00000   1.00000;
setting subject to fsaverage
Writing  LTA to file transforms/talairach.auto.xfm.lta...
lta_convert successful.
 
 
Started at Fri Sep 4 10:55:39 CEST 2026
Ended   at Fri Sep  4 10:55:57 CEST 2026
talairach_avi done
